../Middlewares/Third_Party/AL94_USB_Composite/COMPOSITE/App/usbd_cdc_rndis_if.c:81:15:CDC_RNDIS_Itf_Init	8	static
../Middlewares/Third_Party/AL94_USB_Composite/COMPOSITE/App/usbd_cdc_rndis_if.c:107:15:CDC_RNDIS_Itf_DeInit	16	static
../Middlewares/Third_Party/AL94_USB_Composite/COMPOSITE/App/usbd_cdc_rndis_if.c:129:15:CDC_RNDIS_Itf_Control	24	static
../Middlewares/Third_Party/AL94_USB_Composite/COMPOSITE/App/usbd_cdc_rndis_if.c:171:15:CDC_RNDIS_Itf_Receive	24	static
../Middlewares/Third_Party/AL94_USB_Composite/COMPOSITE/App/usbd_cdc_rndis_if.c:198:15:CDC_RNDIS_Itf_TransmitCplt	24	static
../Middlewares/Third_Party/AL94_USB_Composite/COMPOSITE/App/usbd_cdc_rndis_if.c:214:15:CDC_RNDIS_Itf_Process	24	static
