../Middlewares/Third_Party/AL94_USB_Composite/COMPOSITE/App/usbd_audio_spkr_if.c:154:15:AUDIO_Init	24	static
../Middlewares/Third_Party/AL94_USB_Composite/COMPOSITE/App/usbd_audio_spkr_if.c:169:15:AUDIO_DeInit	16	static
../Middlewares/Third_Party/AL94_USB_Composite/COMPOSITE/App/usbd_audio_spkr_if.c:184:15:AUDIO_AudioCmd	24	static
../Middlewares/Third_Party/AL94_USB_Composite/COMPOSITE/App/usbd_audio_spkr_if.c:207:15:AUDIO_VolumeCtl	16	static
../Middlewares/Third_Party/AL94_USB_Composite/COMPOSITE/App/usbd_audio_spkr_if.c:221:15:AUDIO_MuteCtl	16	static
../Middlewares/Third_Party/AL94_USB_Composite/COMPOSITE/App/usbd_audio_spkr_if.c:235:15:AUDIO_PeriodicTC	24	static
../Middlewares/Third_Party/AL94_USB_Composite/COMPOSITE/App/usbd_audio_spkr_if.c:249:15:AUDIO_GetState	4	static
../Middlewares/Third_Party/AL94_USB_Composite/COMPOSITE/App/usbd_audio_spkr_if.c:260:6:TransferComplete_CallBack	8	static
../Middlewares/Third_Party/AL94_USB_Composite/COMPOSITE/App/usbd_audio_spkr_if.c:271:6:HalfTransfer_CallBack	8	static
