../Middlewares/Third_Party/AL94_USB_Composite/COMPOSITE/App/usbd_cdc_ecm_if.c:74:15:CDC_ECM_Itf_Init	8	static
../Middlewares/Third_Party/AL94_USB_Composite/COMPOSITE/App/usbd_cdc_ecm_if.c:98:15:CDC_ECM_Itf_DeInit	16	static
../Middlewares/Third_Party/AL94_USB_Composite/COMPOSITE/App/usbd_cdc_ecm_if.c:116:15:CDC_ECM_Itf_Control	24	static
../Middlewares/Third_Party/AL94_USB_Composite/COMPOSITE/App/usbd_cdc_ecm_if.c:186:15:CDC_ECM_Itf_Receive	24	static
../Middlewares/Third_Party/AL94_USB_Composite/COMPOSITE/App/usbd_cdc_ecm_if.c:212:15:CDC_ECM_Itf_TransmitCplt	24	static
../Middlewares/Third_Party/AL94_USB_Composite/COMPOSITE/App/usbd_cdc_ecm_if.c:228:15:CDC_ECM_Itf_Process	24	static
