Archive member included to satisfy reference by file (symbol)

C:/ST/STM32CubeIDE_1.14.0/STM32CubeIDE/plugins/com.st.stm32cube.ide.mcu.externaltools.gnu-tools-for-stm32.12.3.rel1.win32_1.0.200.202406191623/tools/bin/../lib/gcc/arm-none-eabi/12.3.1/../../../../arm-none-eabi/lib/thumb/v7e-m+fp/hard\libc_nano.a(libc_a-exit.o)
                              C:/ST/STM32CubeIDE_1.14.0/STM32CubeIDE/plugins/com.st.stm32cube.ide.mcu.externaltools.gnu-tools-for-stm32.12.3.rel1.win32_1.0.200.202406191623/tools/bin/../lib/gcc/arm-none-eabi/12.3.1/../../../../arm-none-eabi/lib/thumb/v7e-m+fp/hard/crt0.o (exit)
C:/ST/STM32CubeIDE_1.14.0/STM32CubeIDE/plugins/com.st.stm32cube.ide.mcu.externaltools.gnu-tools-for-stm32.12.3.rel1.win32_1.0.200.202406191623/tools/bin/../lib/gcc/arm-none-eabi/12.3.1/../../../../arm-none-eabi/lib/thumb/v7e-m+fp/hard\libc_nano.a(libc_a-findfp.o)
                              C:/ST/STM32CubeIDE_1.14.0/STM32CubeIDE/plugins/com.st.stm32cube.ide.mcu.externaltools.gnu-tools-for-stm32.12.3.rel1.win32_1.0.200.202406191623/tools/bin/../lib/gcc/arm-none-eabi/12.3.1/../../../../arm-none-eabi/lib/thumb/v7e-m+fp/hard\libc_nano.a(libc_a-exit.o) (__stdio_exit_handler)
C:/ST/STM32CubeIDE_1.14.0/STM32CubeIDE/plugins/com.st.stm32cube.ide.mcu.externaltools.gnu-tools-for-stm32.12.3.rel1.win32_1.0.200.202406191623/tools/bin/../lib/gcc/arm-none-eabi/12.3.1/../../../../arm-none-eabi/lib/thumb/v7e-m+fp/hard\libc_nano.a(libc_a-fwalk.o)
                              C:/ST/STM32CubeIDE_1.14.0/STM32CubeIDE/plugins/com.st.stm32cube.ide.mcu.externaltools.gnu-tools-for-stm32.12.3.rel1.win32_1.0.200.202406191623/tools/bin/../lib/gcc/arm-none-eabi/12.3.1/../../../../arm-none-eabi/lib/thumb/v7e-m+fp/hard\libc_nano.a(libc_a-findfp.o) (_fwalk_sglue)
C:/ST/STM32CubeIDE_1.14.0/STM32CubeIDE/plugins/com.st.stm32cube.ide.mcu.externaltools.gnu-tools-for-stm32.12.3.rel1.win32_1.0.200.202406191623/tools/bin/../lib/gcc/arm-none-eabi/12.3.1/../../../../arm-none-eabi/lib/thumb/v7e-m+fp/hard\libc_nano.a(libc_a-snprintf.o)
                              ./Middlewares/Third_Party/AL94_USB_Composite/COMPOSITE/Class/COMPOSITE/Src/usbd_composite.o (snprintf)
C:/ST/STM32CubeIDE_1.14.0/STM32CubeIDE/plugins/com.st.stm32cube.ide.mcu.externaltools.gnu-tools-for-stm32.12.3.rel1.win32_1.0.200.202406191623/tools/bin/../lib/gcc/arm-none-eabi/12.3.1/../../../../arm-none-eabi/lib/thumb/v7e-m+fp/hard\libc_nano.a(libc_a-stdio.o)
                              C:/ST/STM32CubeIDE_1.14.0/STM32CubeIDE/plugins/com.st.stm32cube.ide.mcu.externaltools.gnu-tools-for-stm32.12.3.rel1.win32_1.0.200.202406191623/tools/bin/../lib/gcc/arm-none-eabi/12.3.1/../../../../arm-none-eabi/lib/thumb/v7e-m+fp/hard\libc_nano.a(libc_a-findfp.o) (__sread)
C:/ST/STM32CubeIDE_1.14.0/STM32CubeIDE/plugins/com.st.stm32cube.ide.mcu.externaltools.gnu-tools-for-stm32.12.3.rel1.win32_1.0.200.202406191623/tools/bin/../lib/gcc/arm-none-eabi/12.3.1/../../../../arm-none-eabi/lib/thumb/v7e-m+fp/hard\libc_nano.a(libc_a-memset.o)
                              C:/ST/STM32CubeIDE_1.14.0/STM32CubeIDE/plugins/com.st.stm32cube.ide.mcu.externaltools.gnu-tools-for-stm32.12.3.rel1.win32_1.0.200.202406191623/tools/bin/../lib/gcc/arm-none-eabi/12.3.1/../../../../arm-none-eabi/lib/thumb/v7e-m+fp/hard/crt0.o (memset)
C:/ST/STM32CubeIDE_1.14.0/STM32CubeIDE/plugins/com.st.stm32cube.ide.mcu.externaltools.gnu-tools-for-stm32.12.3.rel1.win32_1.0.200.202406191623/tools/bin/../lib/gcc/arm-none-eabi/12.3.1/../../../../arm-none-eabi/lib/thumb/v7e-m+fp/hard\libc_nano.a(libc_a-closer.o)
                              C:/ST/STM32CubeIDE_1.14.0/STM32CubeIDE/plugins/com.st.stm32cube.ide.mcu.externaltools.gnu-tools-for-stm32.12.3.rel1.win32_1.0.200.202406191623/tools/bin/../lib/gcc/arm-none-eabi/12.3.1/../../../../arm-none-eabi/lib/thumb/v7e-m+fp/hard\libc_nano.a(libc_a-stdio.o) (_close_r)
C:/ST/STM32CubeIDE_1.14.0/STM32CubeIDE/plugins/com.st.stm32cube.ide.mcu.externaltools.gnu-tools-for-stm32.12.3.rel1.win32_1.0.200.202406191623/tools/bin/../lib/gcc/arm-none-eabi/12.3.1/../../../../arm-none-eabi/lib/thumb/v7e-m+fp/hard\libc_nano.a(libc_a-reent.o)
                              C:/ST/STM32CubeIDE_1.14.0/STM32CubeIDE/plugins/com.st.stm32cube.ide.mcu.externaltools.gnu-tools-for-stm32.12.3.rel1.win32_1.0.200.202406191623/tools/bin/../lib/gcc/arm-none-eabi/12.3.1/../../../../arm-none-eabi/lib/thumb/v7e-m+fp/hard\libc_nano.a(libc_a-closer.o) (errno)
C:/ST/STM32CubeIDE_1.14.0/STM32CubeIDE/plugins/com.st.stm32cube.ide.mcu.externaltools.gnu-tools-for-stm32.12.3.rel1.win32_1.0.200.202406191623/tools/bin/../lib/gcc/arm-none-eabi/12.3.1/../../../../arm-none-eabi/lib/thumb/v7e-m+fp/hard\libc_nano.a(libc_a-impure.o)
                              C:/ST/STM32CubeIDE_1.14.0/STM32CubeIDE/plugins/com.st.stm32cube.ide.mcu.externaltools.gnu-tools-for-stm32.12.3.rel1.win32_1.0.200.202406191623/tools/bin/../lib/gcc/arm-none-eabi/12.3.1/../../../../arm-none-eabi/lib/thumb/v7e-m+fp/hard\libc_nano.a(libc_a-snprintf.o) (_impure_ptr)
[...]
Memory Configuration

Name             Origin             Length             Attributes
RAM              0x20000000         0x00010000         xrw
FLASH            0x08000000         0x00040000         xr
*default*        0x00000000         0xffffffff

Linker script and memory map

LOAD C:/ST/STM32CubeIDE_1.14.0/STM32CubeIDE/plugins/com.st.stm32cube.ide.mcu.externaltools.gnu-tools-for-stm32.12.3.rel1.win32_1.0.200.202406191623/tools/bin/../lib/gcc/arm-none-eabi/12.3.1/thumb/v7e-m+fp/hard/crti.o
LOAD C:/ST/STM32CubeIDE_1.14.0/STM32CubeIDE/plugins/com.st.stm32cube.ide.mcu.externaltools.gnu-tools-for-stm32.12.3.rel1.win32_1.0.200.202406191623/tools/bin/../lib/gcc/arm-none-eabi/12.3.1/thumb/v7e-m+fp/hard/crtbegin.o
LOAD C:/ST/STM32CubeIDE_1.14.0/STM32CubeIDE/plugins/com.st.stm32cube.ide.mcu.externaltools.gnu-tools-for-stm32.12.3.rel1.win32_1.0.200.202406191623/tools/bin/../lib/gcc/arm-none-eabi/12.3.1/../../../../arm-none-eabi/lib/thumb/v7e-m+fp/hard/crt0.o
LOAD ./Core/Src/gpio.o
LOAD ./Core/Src/main.o
LOAD ./Core/Src/stm32f4xx_hal_msp.o
LOAD ./Core/Src/stm32f4xx_it.o
LOAD ./Core/Src/syscalls.o
LOAD ./Core/Src/sysmem.o
LOAD ./Core/Src/system_stm32f4xx.o
LOAD ./Core/Src/usb_otg.o
LOAD ./Core/Startup/startup_stm32f401ccux.o
LOAD ./Drivers/STM32F4xx_HAL_Driver/Src/stm32f4xx_hal.o
LOAD ./Drivers/STM32F4xx_HAL_Driver/Src/stm32f4xx_hal_cortex.o
LOAD ./Drivers/STM32F4xx_HAL_Driver/Src/stm32f4xx_hal_dma.o
LOAD ./Drivers/STM32F4xx_HAL_Driver/Src/stm32f4xx_hal_dma_ex.o
LOAD ./Drivers/STM32F4xx_HAL_Driver/Src/stm32f4xx_hal_exti.o
LOAD ./Drivers/STM32F4xx_HAL_Driver/Src/stm32f4xx_hal_flash.o
LOAD ./Drivers/STM32F4xx_HAL_Driver/Src/stm32f4xx_hal_flash_ex.o
LOAD ./Drivers/STM32F4xx_HAL_Driver/Src/stm32f4xx_hal_flash_ramfunc.o
LOAD ./Drivers/STM32F4xx_HAL_Driver/Src/stm32f4xx_hal_gpio.o
LOAD ./Drivers/STM32F4xx_HAL_Driver/Src/stm32f4xx_hal_pcd.o
LOAD ./Drivers/STM32F4xx_HAL_Driver/Src/stm32f4xx_hal_pcd_ex.o
LOAD ./Drivers/STM32F4xx_HAL_Driver/Src/stm32f4xx_hal_pwr.o
LOAD ./Drivers/STM32F4xx_HAL_Driver/Src/stm32f4xx_hal_pwr_ex.o
LOAD ./Drivers/STM32F4xx_HAL_Driver/Src/stm32f4xx_hal_rcc.o
LOAD ./Drivers/STM32F4xx_HAL_Driver/Src/stm32f4xx_hal_rcc_ex.o
LOAD ./Drivers/STM32F4xx_HAL_Driver/Src/stm32f4xx_hal_tim.o
LOAD ./Drivers/STM32F4xx_HAL_Driver/Src/stm32f4xx_hal_tim_ex.o
LOAD ./Drivers/STM32F4xx_HAL_Driver/Src/stm32f4xx_ll_usb.o
LOAD ./Middlewares/Third_Party/AL94_USB_Composite/COMPOSITE/App/usb_device.o
LOAD ./Middlewares/Third_Party/AL94_USB_Composite/COMPOSITE/App/usbd_cdc_acm_if.o
LOAD ./Middlewares/Third_Party/AL94_USB_Composite/COMPOSITE/App/usbd_desc.o
LOAD ./Middlewares/Third_Party/AL94_USB_Composite/COMPOSITE/App/usbd_hid_custom_if.o
LOAD ./Middlewares/Third_Party/AL94_USB_Composite/COMPOSITE/Class/CDC_ACM/Src/usbd_cdc_acm.o
LOAD ./Middlewares/Third_Party/AL94_USB_Composite/COMPOSITE/Class/COMPOSITE/Src/usbd_composite.o
LOAD ./Middlewares/Third_Party/AL94_USB_Composite/COMPOSITE/Class/HID_CUSTOM/Src/usbd_hid_custom.o
LOAD ./Middlewares/Third_Party/AL94_USB_Composite/COMPOSITE/Class/HID_KEYBOARD/Src/usbd_hid_keyboard.o
LOAD ./Middlewares/Third_Party/AL94_USB_Composite/COMPOSITE/Class/HID_MOUSE/Src/usbd_hid_mouse.o
LOAD ./Middlewares/Third_Party/AL94_USB_Composite/COMPOSITE/Core/Src/usbd_core.o
LOAD ./Middlewares/Third_Party/AL94_USB_Composite/COMPOSITE/Core/Src/usbd_ctlreq.o
LOAD ./Middlewares/Third_Party/AL94_USB_Composite/COMPOSITE/Core/Src/usbd_ioreq.o
LOAD ./Middlewares/Third_Party/AL94_USB_Composite/COMPOSITE/Target/usbd_conf.o
START GROUP
LOAD C:/ST/STM32CubeIDE_1.14.0/STM32CubeIDE/plugins/com.st.stm32cube.ide.mcu.externaltools.gnu-tools-for-stm32.12.3.rel1.win32_1.0.200.202406191623/tools/bin/../lib/gcc/arm-none-eabi/12.3.1/../../../../arm-none-eabi/lib/thumb/v7e-m+fp/hard\libc_nano.a
LOAD C:/ST/STM32CubeIDE_1.14.0/STM32CubeIDE/plugins/com.st.stm32cube.ide.mcu.externaltools.gnu-tools-for-stm32.12.3.rel1.win32_1.0.200.202406191623/tools/bin/../lib/gcc/arm-none-eabi/12.3.1/../../../../arm-none-eabi/lib/thumb/v7e-m+fp/hard\libm.a
END GROUP
START GROUP
LOAD C:/ST/STM32CubeIDE_1.14.0/STM32CubeIDE/plugins/com.st.stm32cube.ide.mcu.externaltools.gnu-tools-for-stm32.12.3.rel1.win32_1.0.200.202406191623/tools/bin/../lib/gcc/arm-none-eabi/12.3.1/thumb/v7e-m+fp/hard\libgcc.a
LOAD C:/ST/STM32CubeIDE_1.14.0/STM32CubeIDE/plugins/com.st.stm32cube.ide.mcu.externaltools.gnu-tools-for-stm32.12.3.rel1.win32_1.0.200.202406191623/tools/bin/../lib/gcc/arm-none-eabi/12.3.1/../../../../arm-none-eabi/lib/thumb/v7e-m+fp/hard\libc_nano.a
END GROUP
START GROUP
LOAD C:/ST/STM32CubeIDE_1.14.0/STM32CubeIDE/plugins/com.st.stm32cube.ide.mcu.externaltools.gnu-tools-for-stm32.12.3.rel1.win32_1.0.200.202406191623/tools/bin/../lib/gcc/arm-none-eabi/12.3.1/thumb/v7e-m+fp/hard\libgcc.a
LOAD C:/ST/STM32CubeIDE_1.14.0/STM32CubeIDE/plugins/com.st.stm32cube.ide.mcu.externaltools.gnu-tools-for-stm32.12.3.rel1.win32_1.0.200.202406191623/tools/bin/../lib/gcc/arm-none-eabi/12.3.1/../../../../arm-none-eabi/lib/thumb/v7e-m+fp/hard\libc_nano.a
LOAD C:/ST/STM32CubeIDE_1.14.0/STM32CubeIDE/plugins/com.st.stm32cube.ide.mcu.externaltools.gnu-tools-for-stm32.12.3.rel1.win32_1.0.200.202406191623/tools/bin/../lib/gcc/arm-none-eabi/12.3.1/../../../../arm-none-eabi/lib/thumb/v7e-m+fp/hard\libnosys.a
END GROUP
START GROUP
LOAD C:/ST/STM32CubeIDE_1.14.0/STM32CubeIDE/plugins/com.st.stm32cube.ide.mcu.externaltools.gnu-tools-for-stm32.12.3.rel1.win32_1.0.200.202406191623/tools/bin/../lib/gcc/arm-none-eabi/12.3.1/thumb/v7e-m+fp/hard\libgcc.a
LOAD C:/ST/STM32CubeIDE_1.14.0/STM32CubeIDE/plugins/com.st.stm32cube.ide.mcu.externaltools.gnu-tools-for-stm32.12.3.rel1.win32_1.0.200.202406191623/tools/bin/../lib/gcc/arm-none-eabi/12.3.1/../../../../arm-none-eabi/lib/thumb/v7e-m+fp/hard\libc_nano.a
LOAD C:/ST/STM32CubeIDE_1.14.0/STM32CubeIDE/plugins/com.st.stm32cube.ide.mcu.externaltools.gnu-tools-for-stm32.12.3.rel1.win32_1.0.200.202406191623/tools/bin/../lib/gcc/arm-none-eabi/12.3.1/../../../../arm-none-eabi/lib/thumb/v7e-m+fp/hard\libnosys.a
END GROUP
LOAD C:/ST/STM32CubeIDE_1.14.0/STM32CubeIDE/plugins/com.st.stm32cube.ide.mcu.externaltools.gnu-tools-for-stm32.12.3.rel1.win32_1.0.200.202406191623/tools/bin/../lib/gcc/arm-none-eabi/12.3.1/thumb/v7e-m+fp/hard/crtend.o
LOAD C:/ST/STM32CubeIDE_1.14.0/STM32CubeIDE/plugins/com.st.stm32cube.ide.mcu.externaltools.gnu-tools-for-stm32.12.3.rel1.win32_1.0.200.202406191623/tools/bin/../lib/gcc/arm-none-eabi/12.3.1/thumb/v7e-m+fp/hard/crtn.o
                0x20010000                        _estack = (ORIGIN (RAM) + LENGTH (RAM))
                0x00000200                        _Min_Heap_Size = 0x200
                0x00000400                        _Min_Stack_Size = 0x400

.isr_vector     0x08000000      0x194
                0x08000000                        . = ALIGN (0x4)
 *(.isr_vector)
 .isr_vector    0x08000000      0x194 ./Core/Startup/startup_stm32f401ccux.o
                0x08000000                g_pfnVectors
                0x08000194                        . = ALIGN (0x4)

.text           0x080001a0     0x8468
                0x080001a0                        . = ALIGN (0x4)
 *(.text)
 .text          0x080001a0       0x40 C:/ST/STM32CubeIDE_1.14.0/STM32CubeIDE/plugins/com.st.stm32cube.ide.mcu.externaltools.gnu-tools-for-stm32.12.3.rel1.win32_1.0.200.202406191623/tools/bin/../lib/gcc/arm-none-eabi/12.3.1/thumb/v7e-m+fp/hard/crtbegin.o
 .text          0x080001e0       0x10 C:/ST/STM32CubeIDE_1.14.0/STM32CubeIDE/plugins/com.st.stm32cube.ide.mcu.externaltools.gnu-tools-for-stm32.12.3.rel1.win32_1.0.200.202406191623/tools/bin/../lib/gcc/arm-none-eabi/12.3.1/../../../../arm-none-eabi/lib/thumb/v7e-m+fp/hard\libc_nano.a(libc_a-strlen.o)
                0x080001e0                strlen
 .text          0x080001f0       0xa0 C:/ST/STM32CubeIDE_1.14.0/STM32CubeIDE/plugins/com.st.stm32cube.ide.mcu.externaltools.gnu-tools-for-stm32.12.3.rel1.win32_1.0.200.202406191623/tools/bin/../lib/gcc/arm-none-eabi/12.3.1/../../../../arm-none-eabi/lib/thumb/v7e-m+fp/hard\libc_nano.a(libc_a-memchr.o)
                0x080001f0                memchr
 .text          0x08000290       0x30 C:/ST/STM32CubeIDE_1.14.0/STM32CubeIDE/plugins/com.st.stm32cube.ide.mcu.externaltools.gnu-tools-for-stm32.12.3.rel1.win32_1.0.200.202406191623/tools/bin/../lib/gcc/arm-none-eabi/12.3.1/thumb/v7e-m+fp/hard\libgcc.a(_aeabi_uldivmod.o)
                0x08000290                __aeabi_uldivmod
 .text          0x080002c0      0x2bc C:/ST/STM32CubeIDE_1.14.0/STM32CubeIDE/plugins/com.st.stm32cube.ide.mcu.externaltools.gnu-tools-for-stm32.12.3.rel1.win32_1.0.200.202406191623/tools/bin/../lib/gcc/arm-none-eabi/12.3.1/thumb/v7e-m+fp/hard\libgcc.a(_udivmoddi4.o)
                0x080002c0                __udivmoddi4
 .text          0x0800057c        0x4 C:/ST/STM32CubeIDE_1.14.0/STM32CubeIDE/plugins/com.st.stm32cube.ide.mcu.externaltools.gnu-tools-for-stm32.12.3.rel1.win32_1.0.200.202406191623/tools/bin/../lib/gcc/arm-none-eabi/12.3.1/thumb/v7e-m+fp/hard\libgcc.a(_dvmd_tls.o)
                0x0800057c                __aeabi_idiv0
                0x0800057c                __aeabi_ldiv0
 *(.text*)
 .text.MX_GPIO_Init
                0x08000580       0xc0 ./Core/Src/gpio.o
                0x08000580                MX_GPIO_Init
 .text.main     0x08000640       0x68 ./Core/Src/main.o
                0x08000640                main
 .text.SystemClock_Config
                0x080006a8       0xd8 ./Core/Src/main.o
                0x080006a8                SystemClock_Config
 .text.send_message
                0x08000780      0x178 ./Core/Src/main.o
                0x08000780                send_message
 .text.convert_message
                0x080008f8      0x4d0 ./Core/Src/main.o
                0x080008f8                convert_message
 .text.Error_Handler
                0x08000dc8        0xc ./Core/Src/main.o
                0x08000dc8                Error_Handler
 .text.HAL_MspInit
                0x08000dd4       0x50 ./Core/Src/stm32f4xx_hal_msp.o
                0x08000dd4                HAL_MspInit
 .text.NMI_Handler
                0x08000e24        0x8 ./Core/Src/stm32f4xx_it.o
                0x08000e24                NMI_Handler
 .text.HardFault_Handler
                0x08000e2c        0x8 ./Core/Src/stm32f4xx_it.o
                0x08000e2c                HardFault_Handler
 .text.MemManage_Handler
                0x08000e34        0x8 ./Core/Src/stm32f4xx_it.o
                0x08000e34                MemManage_Handler
 .text.BusFault_Handler
                0x08000e3c        0x8 ./Core/Src/stm32f4xx_it.o
                0x08000e3c                BusFault_Handler
 .text.UsageFault_Handler
                0x08000e44        0x8 ./Core/Src/stm32f4xx_it.o
                0x08000e44                UsageFault_Handler
 .text.SVC_Handler
                0x08000e4c        0xe ./Core/Src/stm32f4xx_it.o
                0x08000e4c                SVC_Handler
 .text.DebugMon_Handler
                0x08000e5a        0xe ./Core/Src/stm32f4xx_it.o
                0x08000e5a                DebugMon_Handler
 .text.PendSV_Handler
                0x08000e68        0xe ./Core/Src/stm32f4xx_it.o
                0x08000e68                PendSV_Handler
 .text.SysTick_Handler
                0x08000e76        0xc ./Core/Src/stm32f4xx_it.o
                0x08000e76                SysTick_Handler
 *fill*         0x08000e82        0x2 
 .text.OTG_FS_IRQHandler
                0x08000e84       0x14 ./Core/Src/stm32f4xx_it.o
                0x08000e84                OTG_FS_IRQHandler
 .text._sbrk    0x08000e98       0x6c ./Core/Src/sysmem.o
                0x08000e98                _sbrk
 .text.SystemInit
                0x08000f04       0x24 ./Core/Src/system_stm32f4xx.o
                0x08000f04                SystemInit
 .text.MX_USB_OTG_FS_PCD_Init
                0x08000f28       0x5c ./Core/Src/usb_otg.o
                0x08000f28                MX_USB_OTG_FS_PCD_Init
 .text.HAL_PCD_MspInit
                0x08000f84       0xa8 ./Core/Src/usb_otg.o
                0x08000f84                HAL_PCD_MspInit
 .text.Reset_Handler
                0x0800102c       0x50 ./Core/Startup/startup_stm32f401ccux.o
                0x0800102c                Reset_Handler
 .text.Default_Handler
                0x0800107c        0x2 ./Core/Startup/startup_stm32f401ccux.o
                0x0800107c                RTC_Alarm_IRQHandler
                0x0800107c                EXTI2_IRQHandler
                0x0800107c                SPI4_IRQHandler
                0x0800107c                TIM1_CC_IRQHandler
                0x0800107c                DMA2_Stream5_IRQHandler
                0x0800107c                DMA1_Stream5_IRQHandler
                0x0800107c                PVD_IRQHandler
                0x0800107c                SDIO_IRQHandler
                0x0800107c                TAMP_STAMP_IRQHandler
                0x0800107c                EXTI3_IRQHandler
                0x0800107c                TIM1_UP_TIM10_IRQHandler
                0x0800107c                I2C3_ER_IRQHandler
                0x0800107c                EXTI0_IRQHandler
                0x0800107c                I2C2_EV_IRQHandler
                0x0800107c                DMA1_Stream2_IRQHandler
                0x0800107c                FPU_IRQHandler
                0x0800107c                DMA2_Stream2_IRQHandler
                0x0800107c                SPI1_IRQHandler
                0x0800107c                TIM1_BRK_TIM9_IRQHandler
                0x0800107c                DMA2_Stream3_IRQHandler
                0x0800107c                USART6_IRQHandler
                0x0800107c                DMA2_Stream0_IRQHandler
                0x0800107c                TIM4_IRQHandler
                0x0800107c                I2C1_EV_IRQHandler
                0x0800107c                DMA1_Stream6_IRQHandler
                0x0800107c                DMA1_Stream1_IRQHandler
                0x0800107c                TIM3_IRQHandler
                0x0800107c                RCC_IRQHandler
                0x0800107c                Default_Handler
                0x0800107c                EXTI15_10_IRQHandler
                0x0800107c                ADC_IRQHandler
                0x0800107c                DMA1_Stream7_IRQHandler
                0x0800107c                TIM5_IRQHandler
                0x0800107c                DMA2_Stream7_IRQHandler
                0x0800107c                I2C3_EV_IRQHandler
                0x0800107c                EXTI9_5_IRQHandler
                0x0800107c                RTC_WKUP_IRQHandler
                0x0800107c                SPI2_IRQHandler
                0x0800107c                DMA1_Stream0_IRQHandler
                0x0800107c                EXTI4_IRQHandler
                0x0800107c                WWDG_IRQHandler
                0x0800107c                TIM2_IRQHandler
                0x0800107c                OTG_FS_WKUP_IRQHandler
                0x0800107c                TIM1_TRG_COM_TIM11_IRQHandler
                0x0800107c                EXTI1_IRQHandler
                0x0800107c                USART2_IRQHandler
                0x0800107c                I2C2_ER_IRQHandler
                0x0800107c                DMA2_Stream1_IRQHandler
                0x0800107c                FLASH_IRQHandler
                0x0800107c                DMA2_Stream4_IRQHandler
                0x0800107c                USART1_IRQHandler
                0x0800107c                SPI3_IRQHandler
                0x0800107c                DMA1_Stream4_IRQHandler
                0x0800107c                I2C1_ER_IRQHandler
                0x0800107c                DMA2_Stream6_IRQHandler
                0x0800107c                DMA1_Stream3_IRQHandler
 *fill*         0x0800107e        0x2 
 .text.HAL_Init
                0x08001080       0x44 ./Drivers/STM32F4xx_HAL_Driver/Src/stm32f4xx_hal.o
                0x08001080                HAL_Init
 .text.HAL_InitTick
                0x080010c4       0x60 ./Drivers/STM32F4xx_HAL_Driver/Src/stm32f4xx_hal.o
                0x080010c4                HAL_InitTick
 .text.HAL_IncTick
                0x08001124       0x28 ./Drivers/STM32F4xx_HAL_Driver/Src/stm32f4xx_hal.o
                0x08001124                HAL_IncTick
 .text.HAL_GetTick
                0x0800114c       0x18 ./Drivers/STM32F4xx_HAL_Driver/Src/stm32f4xx_hal.o
                0x0800114c                HAL_GetTick
 .text.HAL_Delay
                0x08001164       0x48 ./Drivers/STM32F4xx_HAL_Driver/Src/stm32f4xx_hal.o
                0x08001164                HAL_Delay
 .text.__NVIC_SetPriorityGrouping
                0x080011ac       0x48 ./Drivers/STM32F4xx_HAL_Driver/Src/stm32f4xx_hal_cortex.o
 .text.__NVIC_GetPriorityGrouping
                0x080011f4       0x1c ./Drivers/STM32F4xx_HAL_Driver/Src/stm32f4xx_hal_cortex.o
 .text.__NVIC_EnableIRQ
                0x08001210       0x3c ./Drivers/STM32F4xx_HAL_Driver/Src/stm32f4xx_hal_cortex.o
 .text.__NVIC_SetPriority
                0x0800124c       0x54 ./Drivers/STM32F4xx_HAL_Driver/Src/stm32f4xx_hal_cortex.o
 .text.NVIC_EncodePriority
                0x080012a0       0x66 ./Drivers/STM32F4xx_HAL_Driver/Src/stm32f4xx_hal_cortex.o
 *fill*         0x08001306        0x2 
 .text.SysTick_Config
                0x08001308       0x44 ./Drivers/STM32F4xx_HAL_Driver/Src/stm32f4xx_hal_cortex.o
 .text.HAL_NVIC_SetPriorityGrouping
                0x0800134c       0x16 ./Drivers/STM32F4xx_HAL_Driver/Src/stm32f4xx_hal_cortex.o
                0x0800134c                HAL_NVIC_SetPriorityGrouping
 .text.HAL_NVIC_SetPriority
                0x08001362       0x38 ./Drivers/STM32F4xx_HAL_Driver/Src/stm32f4xx_hal_cortex.o
                0x08001362                HAL_NVIC_SetPriority
 .text.HAL_NVIC_EnableIRQ
                0x0800139a       0x1c ./Drivers/STM32F4xx_HAL_Driver/Src/stm32f4xx_hal_cortex.o
                0x0800139a                HAL_NVIC_EnableIRQ
 .text.HAL_SYSTICK_Config
                0x080013b6       0x18 ./Drivers/STM32F4xx_HAL_Driver/Src/stm32f4xx_hal_cortex.o
                0x080013b6                HAL_SYSTICK_Config
 *fill*         0x080013ce        0x2 
 .text.HAL_GPIO_Init
                0x080013d0      0x308 ./Drivers/STM32F4xx_HAL_Driver/Src/stm32f4xx_hal_gpio.o
                0x080013d0                HAL_GPIO_Init
 .text.HAL_GPIO_ReadPin
                0x080016d8       0x30 ./Drivers/STM32F4xx_HAL_Driver/Src/stm32f4xx_hal_gpio.o
                0x080016d8                HAL_GPIO_ReadPin
 .text.HAL_GPIO_WritePin
                0x08001708       0x32 ./Drivers/STM32F4xx_HAL_Driver/Src/stm32f4xx_hal_gpio.o
                0x08001708                HAL_GPIO_WritePin
 .text.HAL_PCD_Init
                0x0800173a      0x21e ./Drivers/STM32F4xx_HAL_Driver/Src/stm32f4xx_hal_pcd.o
                0x0800173a                HAL_PCD_Init
 .text.HAL_PCD_Start
                0x08001958       0x6a ./Drivers/STM32F4xx_HAL_Driver/Src/stm32f4xx_hal_pcd.o
                0x08001958                HAL_PCD_Start
 .text.HAL_PCD_IRQHandler
                0x080019c2      0x942 ./Drivers/STM32F4xx_HAL_Driver/Src/stm32f4xx_hal_pcd.o
                0x080019c2                HAL_PCD_IRQHandler
 .text.HAL_PCD_SetAddress
                0x08002304       0x48 ./Drivers/STM32F4xx_HAL_Driver/Src/stm32f4xx_hal_pcd.o
                0x08002304                HAL_PCD_SetAddress
 .text.HAL_PCD_EP_Open
                0x0800234c       0xd4 ./Drivers/STM32F4xx_HAL_Driver/Src/stm32f4xx_hal_pcd.o
                0x0800234c                HAL_PCD_EP_Open
 .text.HAL_PCD_EP_Close
                0x08002420       0x94 ./Drivers/STM32F4xx_HAL_Driver/Src/stm32f4xx_hal_pcd.o
                0x08002420                HAL_PCD_EP_Close
 .text.HAL_PCD_EP_Receive
                0x080024b4       0x76 ./Drivers/STM32F4xx_HAL_Driver/Src/stm32f4xx_hal_pcd.o
                0x080024b4                HAL_PCD_EP_Receive
 .text.HAL_PCD_EP_GetRxCount
                0x0800252a       0x30 ./Drivers/STM32F4xx_HAL_Driver/Src/stm32f4xx_hal_pcd.o
                0x0800252a                HAL_PCD_EP_GetRxCount
 .text.HAL_PCD_EP_Transmit
                0x0800255a       0x74 ./Drivers/STM32F4xx_HAL_Driver/Src/stm32f4xx_hal_pcd.o
                0x0800255a                HAL_PCD_EP_Transmit
 .text.HAL_PCD_EP_SetStall
                0x080025ce       0xc6 ./Drivers/STM32F4xx_HAL_Driver/Src/stm32f4xx_hal_pcd.o
                0x080025ce                HAL_PCD_EP_SetStall
 .text.HAL_PCD_EP_ClrStall
                0x08002694       0xac ./Drivers/STM32F4xx_HAL_Driver/Src/stm32f4xx_hal_pcd.o
                0x08002694                HAL_PCD_EP_ClrStall
 .text.HAL_PCD_EP_Abort
                0x08002740       0x62 ./Drivers/STM32F4xx_HAL_Driver/Src/stm32f4xx_hal_pcd.o
                0x08002740                HAL_PCD_EP_Abort
 .text.PCD_WriteEmptyTxFifo
                0x080027a2      0x118 ./Drivers/STM32F4xx_HAL_Driver/Src/stm32f4xx_hal_pcd.o
 *fill*         0x080028ba        0x2 
 .text.PCD_EP_OutXfrComplete_int
                0x080028bc      0x1d0 ./Drivers/STM32F4xx_HAL_Driver/Src/stm32f4xx_hal_pcd.o
 .text.PCD_EP_OutSetupPacket_int
                0x08002a8c       0x8c ./Drivers/STM32F4xx_HAL_Driver/Src/stm32f4xx_hal_pcd.o
 .text.HAL_PCDEx_SetTxFiFo
                0x08002b18       0x8e ./Drivers/STM32F4xx_HAL_Driver/Src/stm32f4xx_hal_pcd_ex.o
                0x08002b18                HAL_PCDEx_SetTxFiFo
 .text.HAL_PCDEx_SetRxFiFo
                0x08002ba6       0x22 ./Drivers/STM32F4xx_HAL_Driver/Src/stm32f4xx_hal_pcd_ex.o
                0x08002ba6                HAL_PCDEx_SetRxFiFo
 .text.HAL_PCDEx_LPM_Callback
                0x08002bc8       0x18 ./Drivers/STM32F4xx_HAL_Driver/Src/stm32f4xx_hal_pcd_ex.o
                0x08002bc8                HAL_PCDEx_LPM_Callback
 .text.HAL_RCC_OscConfig
                0x08002be0      0x4f0 ./Drivers/STM32F4xx_HAL_Driver/Src/stm32f4xx_hal_rcc.o
                0x08002be0                HAL_RCC_OscConfig
 .text.HAL_RCC_ClockConfig
                0x080030d0      0x1cc ./Drivers/STM32F4xx_HAL_Driver/Src/stm32f4xx_hal_rcc.o
                0x080030d0                HAL_RCC_ClockConfig
 .text.HAL_RCC_GetSysClockFreq
                0x0800329c      0x18c ./Drivers/STM32F4xx_HAL_Driver/Src/stm32f4xx_hal_rcc.o
                0x0800329c                HAL_RCC_GetSysClockFreq
 .text.HAL_RCC_GetHCLKFreq
                0x08003428       0x18 ./Drivers/STM32F4xx_HAL_Driver/Src/stm32f4xx_hal_rcc.o
                0x08003428                HAL_RCC_GetHCLKFreq
 .text.USB_CoreInit
                0x08003440       0xc8 ./Drivers/STM32F4xx_HAL_Driver/Src/stm32f4xx_ll_usb.o
                0x08003440                USB_CoreInit
 .text.USB_SetTurnaroundTime
                0x08003508      0x144 ./Drivers/STM32F4xx_HAL_Driver/Src/stm32f4xx_ll_usb.o
                0x08003508                USB_SetTurnaroundTime
 .text.USB_EnableGlobalInt
                0x0800364c       0x22 ./Drivers/STM32F4xx_HAL_Driver/Src/stm32f4xx_ll_usb.o
                0x0800364c                USB_EnableGlobalInt
 .text.USB_DisableGlobalInt
                0x0800366e       0x22 ./Drivers/STM32F4xx_HAL_Driver/Src/stm32f4xx_ll_usb.o
                0x0800366e                USB_DisableGlobalInt
 .text.USB_SetCurrentMode
                0x08003690       0x98 ./Drivers/STM32F4xx_HAL_Driver/Src/stm32f4xx_ll_usb.o
                0x08003690                USB_SetCurrentMode
 .text.USB_DevInit
                0x08003728      0x2c8 ./Drivers/STM32F4xx_HAL_Driver/Src/stm32f4xx_ll_usb.o
                0x08003728                USB_DevInit
 .text.USB_FlushTxFifo
                0x080039f0       0x64 ./Drivers/STM32F4xx_HAL_Driver/Src/stm32f4xx_ll_usb.o
                0x080039f0                USB_FlushTxFifo
 .text.USB_FlushRxFifo
                0x08003a54       0x5c ./Drivers/STM32F4xx_HAL_Driver/Src/stm32f4xx_ll_usb.o
                0x08003a54                USB_FlushRxFifo
 .text.USB_SetDevSpeed
                0x08003ab0       0x32 ./Drivers/STM32F4xx_HAL_Driver/Src/stm32f4xx_ll_usb.o
                0x08003ab0                USB_SetDevSpeed
 .text.USB_GetDevSpeed
                0x08003ae2       0x4a ./Drivers/STM32F4xx_HAL_Driver/Src/stm32f4xx_ll_usb.o
                0x08003ae2                USB_GetDevSpeed
 .text.USB_ActivateEndpoint
                0x08003b2c      0x10e ./Drivers/STM32F4xx_HAL_Driver/Src/stm32f4xx_ll_usb.o
                0x08003b2c                USB_ActivateEndpoint
 *fill*         0x08003c3a        0x2 
 .text.USB_DeactivateEndpoint
                0x08003c3c      0x1b8 ./Drivers/STM32F4xx_HAL_Driver/Src/stm32f4xx_ll_usb.o
                0x08003c3c                USB_DeactivateEndpoint
 .text.USB_EPStartXfer
                0x08003df4      0x53c ./Drivers/STM32F4xx_HAL_Driver/Src/stm32f4xx_ll_usb.o
                0x08003df4                USB_EPStartXfer
 .text.USB_EPStopXfer
                0x08004330      0x154 ./Drivers/STM32F4xx_HAL_Driver/Src/stm32f4xx_ll_usb.o
                0x08004330                USB_EPStopXfer
 .text.USB_WritePacket
                0x08004484       0x7c ./Drivers/STM32F4xx_HAL_Driver/Src/stm32f4xx_ll_usb.o
                0x08004484                USB_WritePacket
 .text.USB_ReadPacket
                0x08004500       0xb0 ./Drivers/STM32F4xx_HAL_Driver/Src/stm32f4xx_ll_usb.o
                0x08004500                USB_ReadPacket
 .text.USB_EPSetStall
                0x080045b0       0xdc ./Drivers/STM32F4xx_HAL_Driver/Src/stm32f4xx_ll_usb.o
                0x080045b0                USB_EPSetStall
 .text.USB_EPClearStall
                0x0800468c       0xcc ./Drivers/STM32F4xx_HAL_Driver/Src/stm32f4xx_ll_usb.o
                0x0800468c                USB_EPClearStall
 .text.USB_SetDevAddress
                0x08004758       0x4c ./Drivers/STM32F4xx_HAL_Driver/Src/stm32f4xx_ll_usb.o
                0x08004758                USB_SetDevAddress
 .text.USB_DevConnect
                0x080047a4       0x42 ./Drivers/STM32F4xx_HAL_Driver/Src/stm32f4xx_ll_usb.o
                0x080047a4                USB_DevConnect
 .text.USB_DevDisconnect
                0x080047e6       0x42 ./Drivers/STM32F4xx_HAL_Driver/Src/stm32f4xx_ll_usb.o
                0x080047e6                USB_DevDisconnect
 .text.USB_ReadInterrupts
                0x08004828       0x26 ./Drivers/STM32F4xx_HAL_Driver/Src/stm32f4xx_ll_usb.o
                0x08004828                USB_ReadInterrupts
 .text.USB_ReadDevAllOutEpInterrupt
                0x0800484e       0x34 ./Drivers/STM32F4xx_HAL_Driver/Src/stm32f4xx_ll_usb.o
                0x0800484e                USB_ReadDevAllOutEpInterrupt
 .text.USB_ReadDevAllInEpInterrupt
                0x08004882       0x34 ./Drivers/STM32F4xx_HAL_Driver/Src/stm32f4xx_ll_usb.o
                0x08004882                USB_ReadDevAllInEpInterrupt
 .text.USB_ReadDevOutEPInterrupt
                0x080048b6       0x3c ./Drivers/STM32F4xx_HAL_Driver/Src/stm32f4xx_ll_usb.o
                0x080048b6                USB_ReadDevOutEPInterrupt
 .text.USB_ReadDevInEPInterrupt
                0x080048f2       0x5c ./Drivers/STM32F4xx_HAL_Driver/Src/stm32f4xx_ll_usb.o
                0x080048f2                USB_ReadDevInEPInterrupt
 .text.USB_GetMode
                0x0800494e       0x1c ./Drivers/STM32F4xx_HAL_Driver/Src/stm32f4xx_ll_usb.o
                0x0800494e                USB_GetMode
 .text.USB_ActivateSetup
                0x0800496a       0x46 ./Drivers/STM32F4xx_HAL_Driver/Src/stm32f4xx_ll_usb.o
                0x0800496a                USB_ActivateSetup
 .text.USB_EP0_OutStart
                0x080049b0       0xbc ./Drivers/STM32F4xx_HAL_Driver/Src/stm32f4xx_ll_usb.o
                0x080049b0                USB_EP0_OutStart
 .text.USB_CoreReset
                0x08004a6c       0x62 ./Drivers/STM32F4xx_HAL_Driver/Src/stm32f4xx_ll_usb.o
 *fill*         0x08004ace        0x2 
 .text.MX_USB_DEVICE_Init
                0x08004ad0       0x64 ./Middlewares/Third_Party/AL94_USB_Composite/COMPOSITE/App/usb_device.o
                0x08004ad0                MX_USB_DEVICE_Init
 .text.CDC_Init
                0x08004b34       0x30 ./Middlewares/Third_Party/AL94_USB_Composite/COMPOSITE/App/usbd_cdc_acm_if.o
 .text.CDC_DeInit
                0x08004b64       0x18 ./Middlewares/Third_Party/AL94_USB_Composite/COMPOSITE/App/usbd_cdc_acm_if.o
 .text.CDC_Control
                0x08004b7c      0x1a0 ./Middlewares/Third_Party/AL94_USB_Composite/COMPOSITE/App/usbd_cdc_acm_if.o
 .text.CDC_Receive
                0x08004d1c       0x44 ./Middlewares/Third_Party/AL94_USB_Composite/COMPOSITE/App/usbd_cdc_acm_if.o
 .text.CDC_TransmitCplt
                0x08004d60       0x22 ./Middlewares/Third_Party/AL94_USB_Composite/COMPOSITE/App/usbd_cdc_acm_if.o
 *fill*         0x08004d82        0x2 
 .text.CDC_Transmit
                0x08004d84       0x64 ./Middlewares/Third_Party/AL94_USB_Composite/COMPOSITE/App/usbd_cdc_acm_if.o
                0x08004d84                CDC_Transmit
 .text.USBD_DeviceDescriptor
                0x08004de8       0x24 ./Middlewares/Third_Party/AL94_USB_Composite/COMPOSITE/App/usbd_desc.o
                0x08004de8                USBD_DeviceDescriptor
 .text.USBD_LangIDStrDescriptor
                0x08004e0c       0x24 ./Middlewares/Third_Party/AL94_USB_Composite/COMPOSITE/App/usbd_desc.o
                0x08004e0c                USBD_LangIDStrDescriptor
 .text.USBD_ProductStrDescriptor
                0x08004e30       0x3c ./Middlewares/Third_Party/AL94_USB_Composite/COMPOSITE/App/usbd_desc.o
                0x08004e30                USBD_ProductStrDescriptor
 .text.USBD_ManufacturerStrDescriptor
                0x08004e6c       0x28 ./Middlewares/Third_Party/AL94_USB_Composite/COMPOSITE/App/usbd_desc.o
                0x08004e6c                USBD_ManufacturerStrDescriptor
 .text.USBD_SerialStrDescriptor
                0x08004e94       0x24 ./Middlewares/Third_Party/AL94_USB_Composite/COMPOSITE/App/usbd_desc.o
                0x08004e94                USBD_SerialStrDescriptor
 .text.USBD_ConfigStrDescriptor
                0x08004eb8       0x3c ./Middlewares/Third_Party/AL94_USB_Composite/COMPOSITE/App/usbd_desc.o
                0x08004eb8                USBD_ConfigStrDescriptor
 .text.USBD_InterfaceStrDescriptor
                0x08004ef4       0x3c ./Middlewares/Third_Party/AL94_USB_Composite/COMPOSITE/App/usbd_desc.o
                0x08004ef4                USBD_InterfaceStrDescriptor
 .text.Get_SerialNum
                0x08004f30       0x58 ./Middlewares/Third_Party/AL94_USB_Composite/COMPOSITE/App/usbd_desc.o
 .text.IntToUnicode
                0x08004f88       0x7e ./Middlewares/Third_Party/AL94_USB_Composite/COMPOSITE/App/usbd_desc.o
 *fill*         0x08005006        0x2 
 .text.USBD_CDC_Init
                0x08005008      0x1c8 ./Middlewares/Third_Party/AL94_USB_Composite/COMPOSITE/Class/CDC_ACM/Src/usbd_cdc_acm.o
 .text.USBD_CDC_DeInit
                0x080051d0       0xe0 ./Middlewares/Third_Party/AL94_USB_Composite/COMPOSITE/Class/CDC_ACM/Src/usbd_cdc_acm.o
 .text.USBD_CDC_Setup
                0x080052b0      0x1f0 ./Middlewares/Third_Party/AL94_USB_Composite/COMPOSITE/Class/CDC_ACM/Src/usbd_cdc_acm.o
 .text.USBD_CDC_DataIn
                0x080054a0      0x100 ./Middlewares/Third_Party/AL94_USB_Composite/COMPOSITE/Class/CDC_ACM/Src/usbd_cdc_acm.o
 .text.USBD_CDC_DataOut
                0x080055a0       0x84 ./Middlewares/Third_Party/AL94_USB_Composite/COMPOSITE/Class/CDC_ACM/Src/usbd_cdc_acm.o
 .text.USBD_CDC_EP0_RxReady
                0x08005624       0x84 ./Middlewares/Third_Party/AL94_USB_Composite/COMPOSITE/Class/CDC_ACM/Src/usbd_cdc_acm.o
 .text.USBD_CDC_GetFSCfgDesc
                0x080056a8       0x20 ./Middlewares/Third_Party/AL94_USB_Composite/COMPOSITE/Class/CDC_ACM/Src/usbd_cdc_acm.o
 .text.USBD_CDC_GetHSCfgDesc
                0x080056c8       0x20 ./Middlewares/Third_Party/AL94_USB_Composite/COMPOSITE/Class/CDC_ACM/Src/usbd_cdc_acm.o
 .text.USBD_CDC_GetOtherSpeedCfgDesc
                0x080056e8       0x20 ./Middlewares/Third_Party/AL94_USB_Composite/COMPOSITE/Class/CDC_ACM/Src/usbd_cdc_acm.o
 .text.USBD_CDC_GetDeviceQualifierDescriptor
                0x08005708       0x20 ./Middlewares/Third_Party/AL94_USB_Composite/COMPOSITE/Class/CDC_ACM/Src/usbd_cdc_acm.o
 .text.USBD_CDC_ACM_RegisterInterface
                0x08005728       0x2a ./Middlewares/Third_Party/AL94_USB_Composite/COMPOSITE/Class/CDC_ACM/Src/usbd_cdc_acm.o
                0x08005728                USBD_CDC_ACM_RegisterInterface
 *fill*         0x08005752        0x2 
 .text.USBD_CDC_SetTxBuffer
                0x08005754       0x48 ./Middlewares/Third_Party/AL94_USB_Composite/COMPOSITE/Class/CDC_ACM/Src/usbd_cdc_acm.o
                0x08005754                USBD_CDC_SetTxBuffer
 .text.USBD_CDC_SetRxBuffer
                0x0800579c       0x3c ./Middlewares/Third_Party/AL94_USB_Composite/COMPOSITE/Class/CDC_ACM/Src/usbd_cdc_acm.o
                0x0800579c                USBD_CDC_SetRxBuffer
 .text.USBD_CDC_TransmitPacket
                0x080057d8       0x84 ./Middlewares/Third_Party/AL94_USB_Composite/COMPOSITE/Class/CDC_ACM/Src/usbd_cdc_acm.o
                0x080057d8                USBD_CDC_TransmitPacket
 .text.USBD_CDC_ReceivePacket
                0x0800585c       0x68 ./Middlewares/Third_Party/AL94_USB_Composite/COMPOSITE/Class/CDC_ACM/Src/usbd_cdc_acm.o
                0x0800585c                USBD_CDC_ReceivePacket
 .text.USBD_Update_CDC_ACM_DESC
                0x080058c4      0x10c ./Middlewares/Third_Party/AL94_USB_Composite/COMPOSITE/Class/CDC_ACM/Src/usbd_cdc_acm.o
                0x080058c4                USBD_Update_CDC_ACM_DESC
 .text.USBD_COMPOSITE_Init
                0x080059d0       0x38 ./Middlewares/Third_Party/AL94_USB_Composite/COMPOSITE/Class/COMPOSITE/Src/usbd_composite.o
 .text.USBD_COMPOSITE_DeInit
                0x08005a08       0x38 ./Middlewares/Third_Party/AL94_USB_Composite/COMPOSITE/Class/COMPOSITE/Src/usbd_composite.o
 .text.USBD_COMPOSITE_Setup
                0x08005a40       0x84 ./Middlewares/Third_Party/AL94_USB_Composite/COMPOSITE/Class/COMPOSITE/Src/usbd_composite.o
 .text.USBD_COMPOSITE_DataIn
                0x08005ac4       0x8c ./Middlewares/Third_Party/AL94_USB_Composite/COMPOSITE/Class/COMPOSITE/Src/usbd_composite.o
 .text.USBD_COMPOSITE_EP0_RxReady
                0x08005b50       0x20 ./Middlewares/Third_Party/AL94_USB_Composite/COMPOSITE/Class/COMPOSITE/Src/usbd_composite.o
 .text.USBD_COMPOSITE_EP0_TxReady
                0x08005b70       0x16 ./Middlewares/Third_Party/AL94_USB_Composite/COMPOSITE/Class/COMPOSITE/Src/usbd_composite.o
 .text.USBD_COMPOSITE_SOF
                0x08005b86       0x16 ./Middlewares/Third_Party/AL94_USB_Composite/COMPOSITE/Class/COMPOSITE/Src/usbd_composite.o
 .text.USBD_COMPOSITE_IsoINIncomplete
                0x08005b9c       0x1a ./Middlewares/Third_Party/AL94_USB_Composite/COMPOSITE/Class/COMPOSITE/Src/usbd_composite.o
 .text.USBD_COMPOSITE_IsoOutIncomplete
                0x08005bb6       0x1a ./Middlewares/Third_Party/AL94_USB_Composite/COMPOSITE/Class/COMPOSITE/Src/usbd_composite.o
 .text.USBD_COMPOSITE_DataOut
                0x08005bd0       0x4c ./Middlewares/Third_Party/AL94_USB_Composite/COMPOSITE/Class/COMPOSITE/Src/usbd_composite.o
 .text.USBD_COMPOSITE_GetHSCfgDesc
                0x08005c1c       0x20 ./Middlewares/Third_Party/AL94_USB_Composite/COMPOSITE/Class/COMPOSITE/Src/usbd_composite.o
 .text.USBD_COMPOSITE_GetFSCfgDesc
                0x08005c3c       0x20 ./Middlewares/Third_Party/AL94_USB_Composite/COMPOSITE/Class/COMPOSITE/Src/usbd_composite.o
 .text.USBD_COMPOSITE_GetOtherSpeedCfgDesc
                0x08005c5c       0x20 ./Middlewares/Third_Party/AL94_USB_Composite/COMPOSITE/Class/COMPOSITE/Src/usbd_composite.o
 .text.USBD_COMPOSITE_GetDeviceQualifierDesc
                0x08005c7c       0x20 ./Middlewares/Third_Party/AL94_USB_Composite/COMPOSITE/Class/COMPOSITE/Src/usbd_composite.o
 .text.USBD_COMPOSITE_GetUsrStringDesc
                0x08005c9c       0xa8 ./Middlewares/Third_Party/AL94_USB_Composite/COMPOSITE/Class/COMPOSITE/Src/usbd_composite.o
 .text.USBD_COMPOSITE_Mount_Class
                0x08005d44      0x1fc ./Middlewares/Third_Party/AL94_USB_Composite/COMPOSITE/Class/COMPOSITE/Src/usbd_composite.o
                0x08005d44                USBD_COMPOSITE_Mount_Class
 .text.USBD_HID_Init
                0x08005f40       0xa8 ./Middlewares/Third_Party/AL94_USB_Composite/COMPOSITE/Class/HID_KEYBOARD/Src/usbd_hid_keyboard.o
 .text.USBD_HID_DeInit
                0x08005fe8       0x6c ./Middlewares/Third_Party/AL94_USB_Composite/COMPOSITE/Class/HID_KEYBOARD/Src/usbd_hid_keyboard.o
 .text.USBD_HID_Setup
                0x08006054      0x208 ./Middlewares/Third_Party/AL94_USB_Composite/COMPOSITE/Class/HID_KEYBOARD/Src/usbd_hid_keyboard.o
 .text.USBD_HID_GetFSCfgDesc
                0x0800625c       0x20 ./Middlewares/Third_Party/AL94_USB_Composite/COMPOSITE/Class/HID_KEYBOARD/Src/usbd_hid_keyboard.o
 .text.USBD_HID_GetHSCfgDesc
                0x0800627c       0x20 ./Middlewares/Third_Party/AL94_USB_Composite/COMPOSITE/Class/HID_KEYBOARD/Src/usbd_hid_keyboard.o
 .text.USBD_HID_GetOtherSpeedCfgDesc
                0x0800629c       0x20 ./Middlewares/Third_Party/AL94_USB_Composite/COMPOSITE/Class/HID_KEYBOARD/Src/usbd_hid_keyboard.o
 .text.USBD_HID_DataIn
                0x080062bc       0x24 ./Middlewares/Third_Party/AL94_USB_Composite/COMPOSITE/Class/HID_KEYBOARD/Src/usbd_hid_keyboard.o
 .text.USBD_HID_GetDeviceQualifierDesc
                0x080062e0       0x20 ./Middlewares/Third_Party/AL94_USB_Composite/COMPOSITE/Class/HID_KEYBOARD/Src/usbd_hid_keyboard.o
 .text.USBD_HID_Keybaord_SendReport
                0x08006300       0x58 ./Middlewares/Third_Party/AL94_USB_Composite/COMPOSITE/Class/HID_KEYBOARD/Src/usbd_hid_keyboard.o
                0x08006300                USBD_HID_Keybaord_SendReport
 .text.USBD_Update_HID_KBD_DESC
                0x08006358       0x5c ./Middlewares/Third_Party/AL94_USB_Composite/COMPOSITE/Class/HID_KEYBOARD/Src/usbd_hid_keyboard.o
                0x08006358                USBD_Update_HID_KBD_DESC
 .text.USBD_Init
                0x080063b4       0x58 ./Middlewares/Third_Party/AL94_USB_Composite/COMPOSITE/Core/Src/usbd_core.o
                0x080063b4                USBD_Init
 .text.USBD_RegisterClass
                0x0800640c       0x7c ./Middlewares/Third_Party/AL94_USB_Composite/COMPOSITE/Core/Src/usbd_core.o
                0x0800640c                USBD_RegisterClass
 .text.USBD_Start
                0x08006488       0x18 ./Middlewares/Third_Party/AL94_USB_Composite/COMPOSITE/Core/Src/usbd_core.o
                0x08006488                USBD_Start
 .text.USBD_RunTestMode
                0x080064a0       0x16 ./Middlewares/Third_Party/AL94_USB_Composite/COMPOSITE/Core/Src/usbd_core.o
                0x080064a0                USBD_RunTestMode
 .text.USBD_SetClassConfig
                0x080064b6       0x38 ./Middlewares/Third_Party/AL94_USB_Composite/COMPOSITE/Core/Src/usbd_core.o
                0x080064b6                USBD_SetClassConfig
 .text.USBD_ClrClassConfig
                0x080064ee       0x30 ./Middlewares/Third_Party/AL94_USB_Composite/COMPOSITE/Core/Src/usbd_core.o
                0x080064ee                USBD_ClrClassConfig
 .text.USBD_LL_SetupStage
                0x0800651e       0xaa ./Middlewares/Third_Party/AL94_USB_Composite/COMPOSITE/Core/Src/usbd_core.o
                0x0800651e                USBD_LL_SetupStage
 .text.USBD_LL_DataOutStage
                0x080065c8       0xc6 ./Middlewares/Third_Party/AL94_USB_Composite/COMPOSITE/Core/Src/usbd_core.o
                0x080065c8                USBD_LL_DataOutStage
 .text.USBD_LL_DataInStage
                0x0800668e      0x12c ./Middlewares/Third_Party/AL94_USB_Composite/COMPOSITE/Core/Src/usbd_core.o
                0x0800668e                USBD_LL_DataInStage
 .text.USBD_LL_Reset
                0x080067ba       0x92 ./Middlewares/Third_Party/AL94_USB_Composite/COMPOSITE/Core/Src/usbd_core.o
                0x080067ba                USBD_LL_Reset
 .text.USBD_LL_SetSpeed
                0x0800684c       0x20 ./Middlewares/Third_Party/AL94_USB_Composite/COMPOSITE/Core/Src/usbd_core.o
                0x0800684c                USBD_LL_SetSpeed
 .text.USBD_LL_Suspend
                0x0800686c       0x2c ./Middlewares/Third_Party/AL94_USB_Composite/COMPOSITE/Core/Src/usbd_core.o
                0x0800686c                USBD_LL_Suspend
 .text.USBD_LL_Resume
                0x08006898       0x30 ./Middlewares/Third_Party/AL94_USB_Composite/COMPOSITE/Core/Src/usbd_core.o
                0x08006898                USBD_LL_Resume
 .text.USBD_LL_SOF
                0x080068c8       0x44 ./Middlewares/Third_Party/AL94_USB_Composite/COMPOSITE/Core/Src/usbd_core.o
                0x080068c8                USBD_LL_SOF
 .text.USBD_LL_IsoINIncomplete
                0x0800690c       0x4c ./Middlewares/Third_Party/AL94_USB_Composite/COMPOSITE/Core/Src/usbd_core.o
                0x0800690c                USBD_LL_IsoINIncomplete
 .text.USBD_LL_IsoOUTIncomplete
                0x08006958       0x4c ./Middlewares/Third_Party/AL94_USB_Composite/COMPOSITE/Core/Src/usbd_core.o
                0x08006958                USBD_LL_IsoOUTIncomplete
 .text.USBD_LL_DevConnected
                0x080069a4       0x16 ./Middlewares/Third_Party/AL94_USB_Composite/COMPOSITE/Core/Src/usbd_core.o
                0x080069a4                USBD_LL_DevConnected
 .text.USBD_LL_DevDisconnected
                0x080069ba       0x38 ./Middlewares/Third_Party/AL94_USB_Composite/COMPOSITE/Core/Src/usbd_core.o
                0x080069ba                USBD_LL_DevDisconnected
 .text.SWAPBYTE
                0x080069f2       0x3c ./Middlewares/Third_Party/AL94_USB_Composite/COMPOSITE/Core/Src/usbd_ctlreq.o
 *fill*         0x08006a2e        0x2 
 .text.USBD_StdDevReq
                0x08006a30       0xdc ./Middlewares/Third_Party/AL94_USB_Composite/COMPOSITE/Core/Src/usbd_ctlreq.o
                0x08006a30                USBD_StdDevReq
 .text.USBD_StdItfReq
                0x08006b0c       0x92 ./Middlewares/Third_Party/AL94_USB_Composite/COMPOSITE/Core/Src/usbd_ctlreq.o
                0x08006b0c                USBD_StdItfReq
 .text.USBD_StdEPReq
                0x08006b9e      0x2c4 ./Middlewares/Third_Party/AL94_USB_Composite/COMPOSITE/Core/Src/usbd_ctlreq.o
                0x08006b9e                USBD_StdEPReq
 *fill*         0x08006e62        0x2 
 .text.USBD_GetDescriptor
                0x08006e64      0x2f8 ./Middlewares/Third_Party/AL94_USB_Composite/COMPOSITE/Core/Src/usbd_ctlreq.o
 .text.USBD_SetAddress
                0x0800715c       0x88 ./Middlewares/Third_Party/AL94_USB_Composite/COMPOSITE/Core/Src/usbd_ctlreq.o
 .text.USBD_SetConfig
                0x080071e4      0x14c ./Middlewares/Third_Party/AL94_USB_Composite/COMPOSITE/Core/Src/usbd_ctlreq.o
 .text.USBD_GetConfig
                0x08007330       0x6c ./Middlewares/Third_Party/AL94_USB_Composite/COMPOSITE/Core/Src/usbd_ctlreq.o
 .text.USBD_GetStatus
                0x0800739c       0x68 ./Middlewares/Third_Party/AL94_USB_Composite/COMPOSITE/Core/Src/usbd_ctlreq.o
 .text.USBD_SetFeature
                0x08007404       0x28 ./Middlewares/Third_Party/AL94_USB_Composite/COMPOSITE/Core/Src/usbd_ctlreq.o
 .text.USBD_ClrFeature
                0x0800742c       0x44 ./Middlewares/Third_Party/AL94_USB_Composite/COMPOSITE/Core/Src/usbd_ctlreq.o
 .text.USBD_ParseSetupRequest
                0x08007470       0x74 ./Middlewares/Third_Party/AL94_USB_Composite/COMPOSITE/Core/Src/usbd_ctlreq.o
                0x08007470                USBD_ParseSetupRequest
 .text.USBD_CtlError
                0x080074e4       0x22 ./Middlewares/Third_Party/AL94_USB_Composite/COMPOSITE/Core/Src/usbd_ctlreq.o
                0x080074e4                USBD_CtlError
 .text.USBD_GetString
                0x08007506       0x8c ./Middlewares/Third_Party/AL94_USB_Composite/COMPOSITE/Core/Src/usbd_ctlreq.o
                0x08007506                USBD_GetString
 .text.USBD_GetLen
                0x08007592       0x34 ./Middlewares/Third_Party/AL94_USB_Composite/COMPOSITE/Core/Src/usbd_ctlreq.o
 .text.USBD_CtlSendData
                0x080075c6       0x36 ./Middlewares/Third_Party/AL94_USB_Composite/COMPOSITE/Core/Src/usbd_ioreq.o
                0x080075c6                USBD_CtlSendData
 .text.USBD_CtlContinueSendData
                0x080075fc       0x22 ./Middlewares/Third_Party/AL94_USB_Composite/COMPOSITE/Core/Src/usbd_ioreq.o
                0x080075fc                USBD_CtlContinueSendData
 .text.USBD_CtlPrepareRx
                0x0800761e       0x3a ./Middlewares/Third_Party/AL94_USB_Composite/COMPOSITE/Core/Src/usbd_ioreq.o
                0x0800761e                USBD_CtlPrepareRx
 .text.USBD_CtlContinueRx
                0x08007658       0x22 ./Middlewares/Third_Party/AL94_USB_Composite/COMPOSITE/Core/Src/usbd_ioreq.o
                0x08007658                USBD_CtlContinueRx
 .text.USBD_CtlSendStatus
                0x0800767a       0x26 ./Middlewares/Third_Party/AL94_USB_Composite/COMPOSITE/Core/Src/usbd_ioreq.o
                0x0800767a                USBD_CtlSendStatus
 .text.USBD_CtlReceiveStatus
                0x080076a0       0x26 ./Middlewares/Third_Party/AL94_USB_Composite/COMPOSITE/Core/Src/usbd_ioreq.o
                0x080076a0                USBD_CtlReceiveStatus
 .text.HAL_PCDEx_SetTxFiFoInBytes
                0x080076c6       0x2a ./Middlewares/Third_Party/AL94_USB_Composite/COMPOSITE/Target/usbd_conf.o
                0x080076c6                HAL_PCDEx_SetTxFiFoInBytes
 .text.HAL_PCDEx_SetRxFiFoInBytes
                0x080076f0       0x24 ./Middlewares/Third_Party/AL94_USB_Composite/COMPOSITE/Target/usbd_conf.o
                0x080076f0                HAL_PCDEx_SetRxFiFoInBytes
 .text.HAL_PCD_SetupStageCallback
                0x08007714       0x24 ./Middlewares/Third_Party/AL94_USB_Composite/COMPOSITE/Target/usbd_conf.o
                0x08007714                HAL_PCD_SetupStageCallback
 .text.HAL_PCD_DataOutStageCallback
                0x08007738       0x36 ./Middlewares/Third_Party/AL94_USB_Composite/COMPOSITE/Target/usbd_conf.o
                0x08007738                HAL_PCD_DataOutStageCallback
 .text.HAL_PCD_DataInStageCallback
                0x0800776e       0x34 ./Middlewares/Third_Party/AL94_USB_Composite/COMPOSITE/Target/usbd_conf.o
                0x0800776e                HAL_PCD_DataInStageCallback
 .text.HAL_PCD_SOFCallback
                0x080077a2       0x1c ./Middlewares/Third_Party/AL94_USB_Composite/COMPOSITE/Target/usbd_conf.o
                0x080077a2                HAL_PCD_SOFCallback
 .text.HAL_PCD_ResetCallback
                0x080077be       0x50 ./Middlewares/Third_Party/AL94_USB_Composite/COMPOSITE/Target/usbd_conf.o
                0x080077be                HAL_PCD_ResetCallback
 *fill*         0x0800780e        0x2 
 .text.HAL_PCD_SuspendCallback
                0x08007810       0x4c ./Middlewares/Third_Party/AL94_USB_Composite/COMPOSITE/Target/usbd_conf.o
                0x08007810                HAL_PCD_SuspendCallback
 .text.HAL_PCD_ResumeCallback
                0x0800785c       0x1c ./Middlewares/Third_Party/AL94_USB_Composite/COMPOSITE/Target/usbd_conf.o
                0x0800785c                HAL_PCD_ResumeCallback
 .text.HAL_PCD_ISOOUTIncompleteCallback
                0x08007878       0x24 ./Middlewares/Third_Party/AL94_USB_Composite/COMPOSITE/Target/usbd_conf.o
                0x08007878                HAL_PCD_ISOOUTIncompleteCallback
 .text.HAL_PCD_ISOINIncompleteCallback
                0x0800789c       0x24 ./Middlewares/Third_Party/AL94_USB_Composite/COMPOSITE/Target/usbd_conf.o
                0x0800789c                HAL_PCD_ISOINIncompleteCallback
 .text.HAL_PCD_ConnectCallback
                0x080078c0       0x1c ./Middlewares/Third_Party/AL94_USB_Composite/COMPOSITE/Target/usbd_conf.o
                0x080078c0                HAL_PCD_ConnectCallback
 .text.HAL_PCD_DisconnectCallback
                0x080078dc       0x1c ./Middlewares/Third_Party/AL94_USB_Composite/COMPOSITE/Target/usbd_conf.o
                0x080078dc                HAL_PCD_DisconnectCallback
 .text.USBD_LL_Init
                0x080078f8       0xbc ./Middlewares/Third_Party/AL94_USB_Composite/COMPOSITE/Target/usbd_conf.o
                0x080078f8                USBD_LL_Init
 .text.USBD_LL_Start
                0x080079b4       0x36 ./Middlewares/Third_Party/AL94_USB_Composite/COMPOSITE/Target/usbd_conf.o
                0x080079b4                USBD_LL_Start
 .text.USBD_LL_OpenEP
                0x080079ea       0x4c ./Middlewares/Third_Party/AL94_USB_Composite/COMPOSITE/Target/usbd_conf.o
                0x080079ea                USBD_LL_OpenEP
 .text.USBD_LL_CloseEP
                0x08007a36       0x3e ./Middlewares/Third_Party/AL94_USB_Composite/COMPOSITE/Target/usbd_conf.o
                0x08007a36                USBD_LL_CloseEP
 .text.USBD_LL_StallEP
                0x08007a74       0x3e ./Middlewares/Third_Party/AL94_USB_Composite/COMPOSITE/Target/usbd_conf.o
                0x08007a74                USBD_LL_StallEP
 .text.USBD_LL_ClearStallEP
                0x08007ab2       0x3e ./Middlewares/Third_Party/AL94_USB_Composite/COMPOSITE/Target/usbd_conf.o
                0x08007ab2                USBD_LL_ClearStallEP
 .text.USBD_LL_IsStallEP
                0x08007af0       0x58 ./Middlewares/Third_Party/AL94_USB_Composite/COMPOSITE/Target/usbd_conf.o
                0x08007af0                USBD_LL_IsStallEP
 .text.USBD_LL_SetUSBAddress
                0x08007b48       0x3e ./Middlewares/Third_Party/AL94_USB_Composite/COMPOSITE/Target/usbd_conf.o
                0x08007b48                USBD_LL_SetUSBAddress
 .text.USBD_LL_Transmit
                0x08007b86       0x42 ./Middlewares/Third_Party/AL94_USB_Composite/COMPOSITE/Target/usbd_conf.o
                0x08007b86                USBD_LL_Transmit
 .text.USBD_LL_PrepareReceive
                0x08007bc8       0x42 ./Middlewares/Third_Party/AL94_USB_Composite/COMPOSITE/Target/usbd_conf.o
                0x08007bc8                USBD_LL_PrepareReceive
 .text.USBD_LL_GetRxDataSize
                0x08007c0a       0x26 ./Middlewares/Third_Party/AL94_USB_Composite/COMPOSITE/Target/usbd_conf.o
                0x08007c0a                USBD_LL_GetRxDataSize
 .text.USBD_Get_USB_Status
                0x08007c30       0x58 ./Middlewares/Third_Party/AL94_USB_Composite/COMPOSITE/Target/usbd_conf.o
                0x08007c30                USBD_Get_USB_Status
 .text.snprintf
                0x08007c88       0x68 C:/ST/STM32CubeIDE_1.14.0/STM32CubeIDE/plugins/com.st.stm32cube.ide.mcu.externaltools.gnu-tools-for-stm32.12.3.rel1.win32_1.0.200.202406191623/tools/bin/../lib/gcc/arm-none-eabi/12.3.1/../../../../arm-none-eabi/lib/thumb/v7e-m+fp/hard\libc_nano.a(libc_a-snprintf.o)
                0x08007c88                sniprintf
                0x08007c88                snprintf
 .text.memset   0x08007cf0       0x10 C:/ST/STM32CubeIDE_1.14.0/STM32CubeIDE/plugins/com.st.stm32cube.ide.mcu.externaltools.gnu-tools-for-stm32.12.3.rel1.win32_1.0.200.202406191623/tools/bin/../lib/gcc/arm-none-eabi/12.3.1/../../../../arm-none-eabi/lib/thumb/v7e-m+fp/hard\libc_nano.a(libc_a-memset.o)
                0x08007cf0                memset
 .text.__errno  0x08007d00        0xc C:/ST/STM32CubeIDE_1.14.0/STM32CubeIDE/plugins/com.st.stm32cube.ide.mcu.externaltools.gnu-tools-for-stm32.12.3.rel1.win32_1.0.200.202406191623/tools/bin/../lib/gcc/arm-none-eabi/12.3.1/../../../../arm-none-eabi/lib/thumb/v7e-m+fp/hard\libc_nano.a(libc_a-errno.o)
                0x08007d00                __errno
 .text.__libc_init_array
                0x08007d0c       0x48 C:/ST/STM32CubeIDE_1.14.0/STM32CubeIDE/plugins/com.st.stm32cube.ide.mcu.externaltools.gnu-tools-for-stm32.12.3.rel1.win32_1.0.200.202406191623/tools/bin/../lib/gcc/arm-none-eabi/12.3.1/../../../../arm-none-eabi/lib/thumb/v7e-m+fp/hard\libc_nano.a(libc_a-init.o)
                0x08007d0c                __libc_init_array
 .text.__retarget_lock_acquire_recursive
                0x08007d54        0x2 C:/ST/STM32CubeIDE_1.14.0/STM32CubeIDE/plugins/com.st.stm32cube.ide.mcu.externaltools.gnu-tools-for-stm32.12.3.rel1.win32_1.0.200.202406191623/tools/bin/../lib/gcc/arm-none-eabi/12.3.1/../../../../arm-none-eabi/lib/thumb/v7e-m+fp/hard\libc_nano.a(libc_a-lock.o)
                0x08007d54                __retarget_lock_acquire_recursive
 .text.__retarget_lock_release_recursive
                0x08007d56        0x2 C:/ST/STM32CubeIDE_1.14.0/STM32CubeIDE/plugins/com.st.stm32cube.ide.mcu.externaltools.gnu-tools-for-stm32.12.3.rel1.win32_1.0.200.202406191623/tools/bin/../lib/gcc/arm-none-eabi/12.3.1/../../../../arm-none-eabi/lib/thumb/v7e-m+fp/hard\libc_nano.a(libc_a-lock.o)
                0x08007d56                __retarget_lock_release_recursive
 .text.memcpy   0x08007d58       0x1c C:/ST/STM32CubeIDE_1.14.0/STM32CubeIDE/plugins/com.st.stm32cube.ide.mcu.externaltools.gnu-tools-for-stm32.12.3.rel1.win32_1.0.200.202406191623/tools/bin/../lib/gcc/arm-none-eabi/12.3.1/../../../../arm-none-eabi/lib/thumb/v7e-m+fp/hard\libc_nano.a(libc_a-memcpy-stub.o)
                0x08007d58                memcpy
 .text._free_r  0x08007d74       0x94 C:/ST/STM32CubeIDE_1.14.0/STM32CubeIDE/plugins/com.st.stm32cube.ide.mcu.externaltools.gnu-tools-for-stm32.12.3.rel1.win32_1.0.200.202406191623/tools/bin/../lib/gcc/arm-none-eabi/12.3.1/../../../../arm-none-eabi/lib/thumb/v7e-m+fp/hard\libc_nano.a(libc_a-freer.o)
                0x08007d74                _free_r
 .text.sbrk_aligned
                0x08007e08       0x44 C:/ST/STM32CubeIDE_1.14.0/STM32CubeIDE/plugins/com.st.stm32cube.ide.mcu.externaltools.gnu-tools-for-stm32.12.3.rel1.win32_1.0.200.202406191623/tools/bin/../lib/gcc/arm-none-eabi/12.3.1/../../../../arm-none-eabi/lib/thumb/v7e-m+fp/hard\libc_nano.a(libc_a-mallocr.o)
 .text._malloc_r
                0x08007e4c      0x100 C:/ST/STM32CubeIDE_1.14.0/STM32CubeIDE/plugins/com.st.stm32cube.ide.mcu.externaltools.gnu-tools-for-stm32.12.3.rel1.win32_1.0.200.202406191623/tools/bin/../lib/gcc/arm-none-eabi/12.3.1/../../../../arm-none-eabi/lib/thumb/v7e-m+fp/hard\libc_nano.a(libc_a-mallocr.o)
                0x08007e4c                _malloc_r
 .text.__malloc_lock
                0x08007f4c        0xc C:/ST/STM32CubeIDE_1.14.0/STM32CubeIDE/plugins/com.st.stm32cube.ide.mcu.externaltools.gnu-tools-for-stm32.12.3.rel1.win32_1.0.200.202406191623/tools/bin/../lib/gcc/arm-none-eabi/12.3.1/../../../../arm-none-eabi/lib/thumb/v7e-m+fp/hard\libc_nano.a(libc_a-mlock.o)
                0x08007f4c                __malloc_lock
 .text.__malloc_unlock
                0x08007f58        0xc C:/ST/STM32CubeIDE_1.14.0/STM32CubeIDE/plugins/com.st.stm32cube.ide.mcu.externaltools.gnu-tools-for-stm32.12.3.rel1.win32_1.0.200.202406191623/tools/bin/../lib/gcc/arm-none-eabi/12.3.1/../../../../arm-none-eabi/lib/thumb/v7e-m+fp/hard\libc_nano.a(libc_a-mlock.o)
                0x08007f58                __malloc_unlock
 .text.__ssputs_r
                0x08007f64       0xb6 C:/ST/STM32CubeIDE_1.14.0/STM32CubeIDE/plugins/com.st.stm32cube.ide.mcu.externaltools.gnu-tools-for-stm32.12.3.rel1.win32_1.0.200.202406191623/tools/bin/../lib/gcc/arm-none-eabi/12.3.1/../../../../arm-none-eabi/lib/thumb/v7e-m+fp/hard\libc_nano.a(libc_a-nano-svfprintf.o)
                0x08007f64                __ssputs_r
 *fill*         0x0800801a        0x2 
 .text._svfprintf_r
                0x0800801c      0x1f8 C:/ST/STM32CubeIDE_1.14.0/STM32CubeIDE/plugins/com.st.stm32cube.ide.mcu.externaltools.gnu-tools-for-stm32.12.3.rel1.win32_1.0.200.202406191623/tools/bin/../lib/gcc/arm-none-eabi/12.3.1/../../../../arm-none-eabi/lib/thumb/v7e-m+fp/hard\libc_nano.a(libc_a-nano-svfprintf.o)
                0x0800801c                _svfiprintf_r
                0x0800801c                _svfprintf_r
 .text._printf_common
                0x08008214       0xda C:/ST/STM32CubeIDE_1.14.0/STM32CubeIDE/plugins/com.st.stm32cube.ide.mcu.externaltools.gnu-tools-for-stm32.12.3.rel1.win32_1.0.200.202406191623/tools/bin/../lib/gcc/arm-none-eabi/12.3.1/../../../../arm-none-eabi/lib/thumb/v7e-m+fp/hard\libc_nano.a(libc_a-nano-vfprintf_i.o)
                0x08008214                _printf_common
 *fill*         0x080082ee        0x2 
 .text._printf_i
                0x080082f0      0x240 C:/ST/STM32CubeIDE_1.14.0/STM32CubeIDE/plugins/com.st.stm32cube.ide.mcu.externaltools.gnu-tools-for-stm32.12.3.rel1.win32_1.0.200.202406191623/tools/bin/../lib/gcc/arm-none-eabi/12.3.1/../../../../arm-none-eabi/lib/thumb/v7e-m+fp/hard\libc_nano.a(libc_a-nano-vfprintf_i.o)
                0x080082f0                _printf_i
 .text.memmove  0x08008530       0x34 C:/ST/STM32CubeIDE_1.14.0/STM32CubeIDE/plugins/com.st.stm32cube.ide.mcu.externaltools.gnu-tools-for-stm32.12.3.rel1.win32_1.0.200.202406191623/tools/bin/../lib/gcc/arm-none-eabi/12.3.1/../../../../arm-none-eabi/lib/thumb/v7e-m+fp/hard\libc_nano.a(libc_a-memmove.o)
                0x08008530                memmove
 .text._sbrk_r  0x08008564       0x20 C:/ST/STM32CubeIDE_1.14.0/STM32CubeIDE/plugins/com.st.stm32cube.ide.mcu.externaltools.gnu-tools-for-stm32.12.3.rel1.win32_1.0.200.202406191623/tools/bin/../lib/gcc/arm-none-eabi/12.3.1/../../../../arm-none-eabi/lib/thumb/v7e-m+fp/hard\libc_nano.a(libc_a-sbrkr.o)
                0x08008564                _sbrk_r
 .text._realloc_r
                0x08008584       0x5c C:/ST/STM32CubeIDE_1.14.0/STM32CubeIDE/plugins/com.st.stm32cube.ide.mcu.externaltools.gnu-tools-for-stm32.12.3.rel1.win32_1.0.200.202406191623/tools/bin/../lib/gcc/arm-none-eabi/12.3.1/../../../../arm-none-eabi/lib/thumb/v7e-m+fp/hard\libc_nano.a(libc_a-reallocr.o)
                0x08008584                _realloc_r
 .text._malloc_usable_size_r
                0x080085e0       0x10 C:/ST/STM32CubeIDE_1.14.0/STM32CubeIDE/plugins/com.st.stm32cube.ide.mcu.externaltools.gnu-tools-for-stm32.12.3.rel1.win32_1.0.200.202406191623/tools/bin/../lib/gcc/arm-none-eabi/12.3.1/../../../../arm-none-eabi/lib/thumb/v7e-m+fp/hard\libc_nano.a(libc_a-msizer.o)
                0x080085e0                _malloc_usable_size_r
 *(.glue_7)
 .glue_7        0x080085f0        0x0 linker stubs
 *(.glue_7t)
 .glue_7t       0x080085f0        0x0 linker stubs
 *(.eh_frame)
 .eh_frame      0x080085f0        0x0 C:/ST/STM32CubeIDE_1.14.0/STM32CubeIDE/plugins/com.st.stm32cube.ide.mcu.externaltools.gnu-tools-for-stm32.12.3.rel1.win32_1.0.200.202406191623/tools/bin/../lib/gcc/arm-none-eabi/12.3.1/thumb/v7e-m+fp/hard/crtbegin.o
 *(.init)
 .init          0x080085f0        0x4 C:/ST/STM32CubeIDE_1.14.0/STM32CubeIDE/plugins/com.st.stm32cube.ide.mcu.externaltools.gnu-tools-for-stm32.12.3.rel1.win32_1.0.200.202406191623/tools/bin/../lib/gcc/arm-none-eabi/12.3.1/thumb/v7e-m+fp/hard/crti.o
                0x080085f0                _init
 .init          0x080085f4        0x8 C:/ST/STM32CubeIDE_1.14.0/STM32CubeIDE/plugins/com.st.stm32cube.ide.mcu.externaltools.gnu-tools-for-stm32.12.3.rel1.win32_1.0.200.202406191623/tools/bin/../lib/gcc/arm-none-eabi/12.3.1/thumb/v7e-m+fp/hard/crtn.o
 *(.fini)
 .fini          0x080085fc        0x4 C:/ST/STM32CubeIDE_1.14.0/STM32CubeIDE/plugins/com.st.stm32cube.ide.mcu.externaltools.gnu-tools-for-stm32.12.3.rel1.win32_1.0.200.202406191623/tools/bin/../lib/gcc/arm-none-eabi/12.3.1/thumb/v7e-m+fp/hard/crti.o
                0x080085fc                _fini
 .fini          0x08008600        0x8 C:/ST/STM32CubeIDE_1.14.0/STM32CubeIDE/plugins/com.st.stm32cube.ide.mcu.externaltools.gnu-tools-for-stm32.12.3.rel1.win32_1.0.200.202406191623/tools/bin/../lib/gcc/arm-none-eabi/12.3.1/thumb/v7e-m+fp/hard/crtn.o
                0x08008608                        . = ALIGN (0x4)
                0x08008608                        _etext = .

.vfp11_veneer   0x08008608        0x0
 .vfp11_veneer  0x08008608        0x0 linker stubs

.v4_bx          0x08008608        0x0
 .v4_bx         0x08008608        0x0 linker stubs

.iplt           0x08008608        0x0
 .iplt          0x08008608        0x0 C:/ST/STM32CubeIDE_1.14.0/STM32CubeIDE/plugins/com.st.stm32cube.ide.mcu.externaltools.gnu-tools-for-stm32.12.3.rel1.win32_1.0.200.202406191623/tools/bin/../lib/gcc/arm-none-eabi/12.3.1/thumb/v7e-m+fp/hard/crtbegin.o

.rodata         0x08008608       0xdc
                0x08008608                        . = ALIGN (0x4)
 *(.rodata)
 .rodata        0x08008608       0x22 ./Core/Src/main.o
 *fill*         0x0800862a        0x2 
 .rodata        0x0800862c       0x50 ./Middlewares/Third_Party/AL94_USB_Composite/COMPOSITE/App/usbd_desc.o
 .rodata        0x0800867c       0x23 ./Middlewares/Third_Party/AL94_USB_Composite/COMPOSITE/Class/COMPOSITE/Src/usbd_composite.o
 *(.rodata*)
 *fill*         0x0800869f        0x1 
 .rodata.AHBPrescTable
                0x080086a0       0x10 ./Core/Src/system_stm32f4xx.o
                0x080086a0                AHBPrescTable
 .rodata._svfprintf_r.str1.1
                0x080086b0       0x11 C:/ST/STM32CubeIDE_1.14.0/STM32CubeIDE/plugins/com.st.stm32cube.ide.mcu.externaltools.gnu-tools-for-stm32.12.3.rel1.win32_1.0.200.202406191623/tools/bin/../lib/gcc/arm-none-eabi/12.3.1/../../../../arm-none-eabi/lib/thumb/v7e-m+fp/hard\libc_nano.a(libc_a-nano-svfprintf.o)
 .rodata._printf_i.str1.1
                0x080086c1       0x22 C:/ST/STM32CubeIDE_1.14.0/STM32CubeIDE/plugins/com.st.stm32cube.ide.mcu.externaltools.gnu-tools-for-stm32.12.3.rel1.win32_1.0.200.202406191623/tools/bin/../lib/gcc/arm-none-eabi/12.3.1/../../../../arm-none-eabi/lib/thumb/v7e-m+fp/hard\libc_nano.a(libc_a-nano-vfprintf_i.o)
                0x080086e4                        . = ALIGN (0x4)
 *fill*         0x080086e3        0x1 

.ARM.extab      0x080086e4        0x0
                0x080086e4                        . = ALIGN (0x4)
 *(.ARM.extab* .gnu.linkonce.armextab.*)
                0x080086e4                        . = ALIGN (0x4)

.ARM            0x080086e4        0x8
                0x080086e4                        . = ALIGN (0x4)
                0x080086e4                        __exidx_start = .
 *(.ARM.exidx*)
 .ARM.exidx     0x080086e4        0x8 C:/ST/STM32CubeIDE_1.14.0/STM32CubeIDE/plugins/com.st.stm32cube.ide.mcu.externaltools.gnu-tools-for-stm32.12.3.rel1.win32_1.0.200.202406191623/tools/bin/../lib/gcc/arm-none-eabi/12.3.1/../../../../arm-none-eabi/lib/thumb/v7e-m+fp/hard\libc_nano.a(libc_a-strlen.o)
 .ARM.exidx     0x080086ec        0x0 C:/ST/STM32CubeIDE_1.14.0/STM32CubeIDE/plugins/com.st.stm32cube.ide.mcu.externaltools.gnu-tools-for-stm32.12.3.rel1.win32_1.0.200.202406191623/tools/bin/../lib/gcc/arm-none-eabi/12.3.1/../../../../arm-none-eabi/lib/thumb/v7e-m+fp/hard\libc_nano.a(libc_a-memchr.o)
                                  0x8 (size before relaxing)
 .ARM.exidx     0x080086ec        0x0 C:/ST/STM32CubeIDE_1.14.0/STM32CubeIDE/plugins/com.st.stm32cube.ide.mcu.externaltools.gnu-tools-for-stm32.12.3.rel1.win32_1.0.200.202406191623/tools/bin/../lib/gcc/arm-none-eabi/12.3.1/thumb/v7e-m+fp/hard\libgcc.a(_udivmoddi4.o)
                                  0x8 (size before relaxing)
                0x080086ec                        __exidx_end = .
                0x080086ec                        . = ALIGN (0x4)

.rel.dyn        0x080086ec        0x0
 .rel.iplt      0x080086ec        0x0 C:/ST/STM32CubeIDE_1.14.0/STM32CubeIDE/plugins/com.st.stm32cube.ide.mcu.externaltools.gnu-tools-for-stm32.12.3.rel1.win32_1.0.200.202406191623/tools/bin/../lib/gcc/arm-none-eabi/12.3.1/thumb/v7e-m+fp/hard/crtbegin.o

.preinit_array  0x080086ec        0x0
                0x080086ec                        . = ALIGN (0x4)
                0x080086ec                        PROVIDE (__preinit_array_start = .)
 *(.preinit_array*)
                0x080086ec                        PROVIDE (__preinit_array_end = .)
                0x080086ec                        . = ALIGN (0x4)

.init_array     0x080086ec        0x4
                0x080086ec                        . = ALIGN (0x4)
                0x080086ec                        PROVIDE (__init_array_start = .)
 *(SORT_BY_NAME(.init_array.*))
 *(.init_array*)
 .init_array    0x080086ec        0x4 C:/ST/STM32CubeIDE_1.14.0/STM32CubeIDE/plugins/com.st.stm32cube.ide.mcu.externaltools.gnu-tools-for-stm32.12.3.rel1.win32_1.0.200.202406191623/tools/bin/../lib/gcc/arm-none-eabi/12.3.1/thumb/v7e-m+fp/hard/crtbegin.o
                0x080086f0                        PROVIDE (__init_array_end = .)
                0x080086f0                        . = ALIGN (0x4)

.fini_array     0x080086f0        0x4
                0x080086f0                        . = ALIGN (0x4)
                [!provide]                        PROVIDE (__fini_array_start = .)
 *(SORT_BY_NAME(.fini_array.*))
 *(.fini_array*)
 .fini_array    0x080086f0        0x4 C:/ST/STM32CubeIDE_1.14.0/STM32CubeIDE/plugins/com.st.stm32cube.ide.mcu.externaltools.gnu-tools-for-stm32.12.3.rel1.win32_1.0.200.202406191623/tools/bin/../lib/gcc/arm-none-eabi/12.3.1/thumb/v7e-m+fp/hard/crtbegin.o
                [!provide]                        PROVIDE (__fini_array_end = .)
                0x080086f4                        . = ALIGN (0x4)
                0x080086f4                        _sidata = LOADADDR (.data)

.data           0x20000000      0x2cc load address 0x080086f4
                0x20000000                        . = ALIGN (0x4)
                0x20000000                        _sdata = .
 *(.data)
 *(.data*)
 .data.led_reset
                0x20000000        0x1 ./Core/Src/main.o
                0x20000000                led_reset
 *fill*         0x20000001        0x1 
 .data.len      0x20000002        0x2 ./Core/Src/main.o
                0x20000002                len
 .data.SystemCoreClock
                0x20000004        0x4 ./Core/Src/system_stm32f4xx.o
                0x20000004                SystemCoreClock
 .data.uwTickPrio
                0x20000008        0x4 ./Drivers/STM32F4xx_HAL_Driver/Src/stm32f4xx_hal.o
                0x20000008                uwTickPrio
 .data.uwTickFreq
                0x2000000c        0x1 ./Drivers/STM32F4xx_HAL_Driver/Src/stm32f4xx_hal.o
                0x2000000c                uwTickFreq
 *fill*         0x2000000d        0x3 
 .data.USBD_CDC_ACM_fops
                0x20000010       0x14 ./Middlewares/Third_Party/AL94_USB_Composite/COMPOSITE/App/usbd_cdc_acm_if.o
                0x20000010                USBD_CDC_ACM_fops
 .data.USBD_Desc
                0x20000024       0x1c ./Middlewares/Third_Party/AL94_USB_Composite/COMPOSITE/App/usbd_desc.o
                0x20000024                USBD_Desc
 .data.USBD_DeviceDesc
                0x20000040       0x12 ./Middlewares/Third_Party/AL94_USB_Composite/COMPOSITE/App/usbd_desc.o
                0x20000040                USBD_DeviceDesc
 *fill*         0x20000052        0x2 
 .data.USBD_LangIDDesc
                0x20000054        0x4 ./Middlewares/Third_Party/AL94_USB_Composite/COMPOSITE/App/usbd_desc.o
                0x20000054                USBD_LangIDDesc
 .data.USBD_StringSerial
                0x20000058       0x1a ./Middlewares/Third_Party/AL94_USB_Composite/COMPOSITE/App/usbd_desc.o
                0x20000058                USBD_StringSerial
 *fill*         0x20000072        0x2 
 .data.USBD_CDC_DeviceQualifierDesc
                0x20000074        0xa ./Middlewares/Third_Party/AL94_USB_Composite/COMPOSITE/Class/CDC_ACM/Src/usbd_cdc_acm.o
 *fill*         0x2000007e        0x2 
 .data.USBD_CDC_ACM
                0x20000080       0x3c ./Middlewares/Third_Party/AL94_USB_Composite/COMPOSITE/Class/CDC_ACM/Src/usbd_cdc_acm.o
                0x20000080                USBD_CDC_ACM
 .data.USBD_CDC_CfgHSDesc
                0x200000bc       0x4b ./Middlewares/Third_Party/AL94_USB_Composite/COMPOSITE/Class/CDC_ACM/Src/usbd_cdc_acm.o
 *fill*         0x20000107        0x1 
 .data.USBD_CDC_CfgFSDesc
                0x20000108       0x4b ./Middlewares/Third_Party/AL94_USB_Composite/COMPOSITE/Class/CDC_ACM/Src/usbd_cdc_acm.o
 *fill*         0x20000153        0x1 
 .data.USBD_COMPOSITE
                0x20000154       0x3c ./Middlewares/Third_Party/AL94_USB_Composite/COMPOSITE/Class/COMPOSITE/Src/usbd_composite.o
                0x20000154                USBD_COMPOSITE
 .data.USBD_Track_String_Index
                0x20000190        0x1 ./Middlewares/Third_Party/AL94_USB_Composite/COMPOSITE/Class/COMPOSITE/Src/usbd_composite.o
                0x20000190                USBD_Track_String_Index
 *fill*         0x20000191        0x3 
 .data.USBD_COMPOSITE_DeviceQualifierDesc
                0x20000194        0xa ./Middlewares/Third_Party/AL94_USB_Composite/COMPOSITE/Class/COMPOSITE/Src/usbd_composite.o
 .data.HID_KEYBOARD_IN_EP
                0x2000019e        0x1 ./Middlewares/Third_Party/AL94_USB_Composite/COMPOSITE/Class/HID_KEYBOARD/Src/usbd_hid_keyboard.o
                0x2000019e                HID_KEYBOARD_IN_EP
 *fill*         0x2000019f        0x1 
 .data.USBD_HID_KEYBOARD
                0x200001a0       0x3c ./Middlewares/Third_Party/AL94_USB_Composite/COMPOSITE/Class/HID_KEYBOARD/Src/usbd_hid_keyboard.o
                0x200001a0                USBD_HID_KEYBOARD
 .data.USBD_HID_KEYBOARD_CfgFSDesc
                0x200001dc       0x22 ./Middlewares/Third_Party/AL94_USB_Composite/COMPOSITE/Class/HID_KEYBOARD/Src/usbd_hid_keyboard.o
 *fill*         0x200001fe        0x2 
 .data.USBD_HID_KEYBOARD_CfgHSDesc
                0x20000200       0x22 ./Middlewares/Third_Party/AL94_USB_Composite/COMPOSITE/Class/HID_KEYBOARD/Src/usbd_hid_keyboard.o
 *fill*         0x20000222        0x2 
 .data.USBD_HID_KEYBOARD_Desc
                0x20000224        0x9 ./Middlewares/Third_Party/AL94_USB_Composite/COMPOSITE/Class/HID_KEYBOARD/Src/usbd_hid_keyboard.o
 *fill*         0x2000022d        0x3 
 .data.USBD_HID_DeviceQualifierDesc
                0x20000230        0xa ./Middlewares/Third_Party/AL94_USB_Composite/COMPOSITE/Class/HID_KEYBOARD/Src/usbd_hid_keyboard.o
 *fill*         0x2000023a        0x2 
 .data.HID_KEYBOARD_ReportDesc
                0x2000023c       0x3f ./Middlewares/Third_Party/AL94_USB_Composite/COMPOSITE/Class/HID_KEYBOARD/Src/usbd_hid_keyboard.o
 *fill*         0x2000027b        0x1 
 .data._impure_ptr
                0x2000027c        0x4 C:/ST/STM32CubeIDE_1.14.0/STM32CubeIDE/plugins/com.st.stm32cube.ide.mcu.externaltools.gnu-tools-for-stm32.12.3.rel1.win32_1.0.200.202406191623/tools/bin/../lib/gcc/arm-none-eabi/12.3.1/../../../../arm-none-eabi/lib/thumb/v7e-m+fp/hard\libc_nano.a(libc_a-impure.o)
                0x2000027c                _impure_ptr
 .data._impure_data
                0x20000280       0x4c C:/ST/STM32CubeIDE_1.14.0/STM32CubeIDE/plugins/com.st.stm32cube.ide.mcu.externaltools.gnu-tools-for-stm32.12.3.rel1.win32_1.0.200.202406191623/tools/bin/../lib/gcc/arm-none-eabi/12.3.1/../../../../arm-none-eabi/lib/thumb/v7e-m+fp/hard\libc_nano.a(libc_a-impure.o)
                0x20000280                _impure_data
 *(.RamFunc)
 *(.RamFunc*)
                0x200002cc                        . = ALIGN (0x4)
                0x200002cc                        _edata = .

.igot.plt       0x200002cc        0x0 load address 0x080089c0
 .igot.plt      0x200002cc        0x0 C:/ST/STM32CubeIDE_1.14.0/STM32CubeIDE/plugins/com.st.stm32cube.ide.mcu.externaltools.gnu-tools-for-stm32.12.3.rel1.win32_1.0.200.202406191623/tools/bin/../lib/gcc/arm-none-eabi/12.3.1/thumb/v7e-m+fp/hard/crtbegin.o
                0x200002cc                        . = ALIGN (0x4)

.bss            0x200002cc      0xf58 load address 0x080089c0
                0x200002cc                        _sbss = .
                0x200002cc                        __bss_start__ = _sbss
 *(.bss)
 .bss           0x200002cc       0x1c C:/ST/STM32CubeIDE_1.14.0/STM32CubeIDE/plugins/com.st.stm32cube.ide.mcu.externaltools.gnu-tools-for-stm32.12.3.rel1.win32_1.0.200.202406191623/tools/bin/../lib/gcc/arm-none-eabi/12.3.1/thumb/v7e-m+fp/hard/crtbegin.o
 *(.bss*)
 .bss.led_set   0x200002e8        0x1 ./Core/Src/main.o
                0x200002e8                led_set
 .bss.is_pushed
                0x200002e9        0x1 ./Core/Src/main.o
                0x200002e9                is_pushed
 *fill*         0x200002ea        0x2 
 .bss.report    0x200002ec        0x8 ./Core/Src/main.o
                0x200002ec                report
 .bss.__sbrk_heap_end
                0x200002f4        0x4 ./Core/Src/sysmem.o
 .bss.hpcd_USB_OTG_FS
                0x200002f8      0x4e4 ./Core/Src/usb_otg.o
                0x200002f8                hpcd_USB_OTG_FS
 .bss.uwTick    0x200007dc        0x4 ./Drivers/STM32F4xx_HAL_Driver/Src/stm32f4xx_hal.o
                0x200007dc                uwTick
 .bss.hUsbDevice
                0x200007e0      0x31c ./Middlewares/Third_Party/AL94_USB_Composite/COMPOSITE/App/usb_device.o
                0x200007e0                hUsbDevice
 .bss.RX_Buffer
                0x20000afc       0x80 ./Middlewares/Third_Party/AL94_USB_Composite/COMPOSITE/App/usbd_cdc_acm_if.o
                0x20000afc                RX_Buffer
 .bss.Line_Coding
                0x20000b7c        0x8 ./Middlewares/Third_Party/AL94_USB_Composite/COMPOSITE/App/usbd_cdc_acm_if.o
                0x20000b7c                Line_Coding
 .bss.USBD_StrDesc
                0x20000b84      0x200 ./Middlewares/Third_Party/AL94_USB_Composite/COMPOSITE/App/usbd_desc.o
                0x20000b84                USBD_StrDesc
 .bss.CDC_IN_EP
                0x20000d84        0x1 ./Middlewares/Third_Party/AL94_USB_Composite/COMPOSITE/Class/CDC_ACM/Src/usbd_cdc_acm.o
                0x20000d84                CDC_IN_EP
 *fill*         0x20000d85        0x3 
 .bss.CDC_OUT_EP
                0x20000d88        0x1 ./Middlewares/Third_Party/AL94_USB_Composite/COMPOSITE/Class/CDC_ACM/Src/usbd_cdc_acm.o
                0x20000d88                CDC_OUT_EP
 *fill*         0x20000d89        0x3 
 .bss.CDC_CMD_EP
                0x20000d8c        0x1 ./Middlewares/Third_Party/AL94_USB_Composite/COMPOSITE/Class/CDC_ACM/Src/usbd_cdc_acm.o
                0x20000d8c                CDC_CMD_EP
 *fill*         0x20000d8d        0x3 
 .bss.CDC_CMD_ITF_NBR
                0x20000d90        0x1 ./Middlewares/Third_Party/AL94_USB_Composite/COMPOSITE/Class/CDC_ACM/Src/usbd_cdc_acm.o
                0x20000d90                CDC_CMD_ITF_NBR
 *fill*         0x20000d91        0x3 
 .bss.CDC_COM_ITF_NBR
                0x20000d94        0x1 ./Middlewares/Third_Party/AL94_USB_Composite/COMPOSITE/Class/CDC_ACM/Src/usbd_cdc_acm.o
                0x20000d94                CDC_COM_ITF_NBR
 *fill*         0x20000d95        0x3 
 .bss.CDC_STR_DESC_IDX
                0x20000d98        0x1 ./Middlewares/Third_Party/AL94_USB_Composite/COMPOSITE/Class/CDC_ACM/Src/usbd_cdc_acm.o
                0x20000d98                CDC_STR_DESC_IDX
 *fill*         0x20000d99        0x3 
 .bss.CDC_ACM_Class_Data
                0x20000d9c      0x21c ./Middlewares/Third_Party/AL94_USB_Composite/COMPOSITE/Class/CDC_ACM/Src/usbd_cdc_acm.o
                0x20000d9c                CDC_ACM_Class_Data
 .bss.USBD_COMPOSITE_FSCfgDesc
                0x20000fb8       0x64 ./Middlewares/Third_Party/AL94_USB_Composite/COMPOSITE/Class/COMPOSITE/Src/usbd_composite.o
                0x20000fb8                USBD_COMPOSITE_FSCfgDesc
 .bss.USBD_COMPOSITE_HSCfgDesc
                0x2000101c       0x64 ./Middlewares/Third_Party/AL94_USB_Composite/COMPOSITE/Class/COMPOSITE/Src/usbd_composite.o
                0x2000101c                USBD_COMPOSITE_HSCfgDesc
 .bss.USBD_StrDesc.0
                0x20001080       0x40 ./Middlewares/Third_Party/AL94_USB_Composite/COMPOSITE/Class/COMPOSITE/Src/usbd_composite.o
 .bss.HID_KEYBOARD_ITF_NBR
                0x200010c0        0x1 ./Middlewares/Third_Party/AL94_USB_Composite/COMPOSITE/Class/HID_KEYBOARD/Src/usbd_hid_keyboard.o
                0x200010c0                HID_KEYBOARD_ITF_NBR
 .bss.HID_KEYBOARD_STR_DESC_IDX
                0x200010c1        0x1 ./Middlewares/Third_Party/AL94_USB_Composite/COMPOSITE/Class/HID_KEYBOARD/Src/usbd_hid_keyboard.o
                0x200010c1                HID_KEYBOARD_STR_DESC_IDX
 *fill*         0x200010c2        0x2 
 .bss.USBD_HID_KBD_Instace
                0x200010c4       0x10 ./Middlewares/Third_Party/AL94_USB_Composite/COMPOSITE/Class/HID_KEYBOARD/Src/usbd_hid_keyboard.o
 .bss.cfgidx.0  0x200010d4        0x1 ./Middlewares/Third_Party/AL94_USB_Composite/COMPOSITE/Core/Src/usbd_ctlreq.o
 *fill*         0x200010d5        0x3 
 .bss.hpcd_USB_OTG_PTR
                0x200010d8        0x4 ./Middlewares/Third_Party/AL94_USB_Composite/COMPOSITE/Target/usbd_conf.o
                0x200010d8                hpcd_USB_OTG_PTR
 .bss.__sf      0x200010dc      0x138 C:/ST/STM32CubeIDE_1.14.0/STM32CubeIDE/plugins/com.st.stm32cube.ide.mcu.externaltools.gnu-tools-for-stm32.12.3.rel1.win32_1.0.200.202406191623/tools/bin/../lib/gcc/arm-none-eabi/12.3.1/../../../../arm-none-eabi/lib/thumb/v7e-m+fp/hard\libc_nano.a(libc_a-findfp.o)
                0x200010dc                __sf
 .bss.errno     0x20001214        0x4 C:/ST/STM32CubeIDE_1.14.0/STM32CubeIDE/plugins/com.st.stm32cube.ide.mcu.externaltools.gnu-tools-for-stm32.12.3.rel1.win32_1.0.200.202406191623/tools/bin/../lib/gcc/arm-none-eabi/12.3.1/../../../../arm-none-eabi/lib/thumb/v7e-m+fp/hard\libc_nano.a(libc_a-reent.o)
                0x20001214                errno
 .bss.__lock___malloc_recursive_mutex
                0x20001218        0x1 C:/ST/STM32CubeIDE_1.14.0/STM32CubeIDE/plugins/com.st.stm32cube.ide.mcu.externaltools.gnu-tools-for-stm32.12.3.rel1.win32_1.0.200.202406191623/tools/bin/../lib/gcc/arm-none-eabi/12.3.1/../../../../arm-none-eabi/lib/thumb/v7e-m+fp/hard\libc_nano.a(libc_a-lock.o)
                0x20001218                __lock___malloc_recursive_mutex
 *fill*         0x20001219        0x3 
 .bss.__malloc_sbrk_start
                0x2000121c        0x4 C:/ST/STM32CubeIDE_1.14.0/STM32CubeIDE/plugins/com.st.stm32cube.ide.mcu.externaltools.gnu-tools-for-stm32.12.3.rel1.win32_1.0.200.202406191623/tools/bin/../lib/gcc/arm-none-eabi/12.3.1/../../../../arm-none-eabi/lib/thumb/v7e-m+fp/hard\libc_nano.a(libc_a-mallocr.o)
                0x2000121c                __malloc_sbrk_start
 .bss.__malloc_free_list
                0x20001220        0x4 C:/ST/STM32CubeIDE_1.14.0/STM32CubeIDE/plugins/com.st.stm32cube.ide.mcu.externaltools.gnu-tools-for-stm32.12.3.rel1.win32_1.0.200.202406191623/tools/bin/../lib/gcc/arm-none-eabi/12.3.1/../../../../arm-none-eabi/lib/thumb/v7e-m+fp/hard\libc_nano.a(libc_a-mallocr.o)
                0x20001220                __malloc_free_list
 *(COMMON)
                0x20001224                        . = ALIGN (0x4)
                0x20001224                        _ebss = .
                0x20001224                        __bss_end__ = _ebss

._user_heap_stack
                0x20001224      0x604 load address 0x080089c0
                0x20001228                        . = ALIGN (0x8)
 *fill*         0x20001224        0x4 
                [!provide]                        PROVIDE (end = .)
                0x20001228                        PROVIDE (_end = .)
                0x20001428                        . = (. + _Min_Heap_Size)
 *fill*         0x20001228      0x200 
                0x20001828                        . = (. + _Min_Stack_Size)
 *fill*         0x20001428      0x400 
                0x20001828                        . = ALIGN (0x8)

/DISCARD/
 libc.a(*)
 libm.a(*)
 libgcc.a(*)

.ARM.attributes
                0x00000000       0x30
 *(.ARM.attributes)
 .ARM.attributes
                0x00000000       0x22 C:/ST/STM32CubeIDE_1.14.0/STM32CubeIDE/plugins/com.st.stm32cube.ide.mcu.externaltools.gnu-tools-for-stm32.12.3.rel1.win32_1.0.200.202406191623/tools/bin/../lib/gcc/arm-none-eabi/12.3.1/thumb/v7e-m+fp/hard/crti.o
 .ARM.attributes
                0x00000022       0x34 C:/ST/STM32CubeIDE_1.14.0/STM32CubeIDE/plugins/com.st.stm32cube.ide.mcu.externaltools.gnu-tools-for-stm32.12.3.rel1.win32_1.0.200.202406191623/tools/bin/../lib/gcc/arm-none-eabi/12.3.1/thumb/v7e-m+fp/hard/crtbegin.o
 .ARM.attributes
                0x00000056       0x34 ./Core/Src/gpio.o
 .ARM.attributes
                0x0000008a       0x34 ./Core/Src/main.o
 .ARM.attributes
                0x000000be       0x34 ./Core/Src/stm32f4xx_hal_msp.o
 .ARM.attributes
                0x000000f2       0x34 ./Core/Src/stm32f4xx_it.o
 .ARM.attributes
                0x00000126       0x34 ./Core/Src/sysmem.o
 .ARM.attributes
                0x0000015a       0x34 ./Core/Src/system_stm32f4xx.o
 .ARM.attributes
                0x0000018e       0x34 ./Core/Src/usb_otg.o
 .ARM.attributes
                0x000001c2       0x21 ./Core/Startup/startup_stm32f401ccux.o
 .ARM.attributes
                0x000001e3       0x34 ./Drivers/STM32F4xx_HAL_Driver/Src/stm32f4xx_hal.o
 .ARM.attributes
                0x00000217       0x34 ./Drivers/STM32F4xx_HAL_Driver/Src/stm32f4xx_hal_cortex.o
 .ARM.attributes
                0x0000024b       0x34 ./Drivers/STM32F4xx_HAL_Driver/Src/stm32f4xx_hal_gpio.o
 .ARM.attributes
                0x0000027f       0x34 ./Drivers/STM32F4xx_HAL_Driver/Src/stm32f4xx_hal_pcd.o
 .ARM.attributes
                0x000002b3       0x34 ./Drivers/STM32F4xx_HAL_Driver/Src/stm32f4xx_hal_pcd_ex.o
 .ARM.attributes
                0x000002e7       0x34 ./Drivers/STM32F4xx_HAL_Driver/Src/stm32f4xx_hal_rcc.o
 .ARM.attributes
                0x0000031b       0x34 ./Drivers/STM32F4xx_HAL_Driver/Src/stm32f4xx_ll_usb.o
 .ARM.attributes
                0x0000034f       0x34 ./Middlewares/Third_Party/AL94_USB_Composite/COMPOSITE/App/usb_device.o
 .ARM.attributes
                0x00000383       0x34 ./Middlewares/Third_Party/AL94_USB_Composite/COMPOSITE/App/usbd_cdc_acm_if.o
 .ARM.attributes
                0x000003b7       0x34 ./Middlewares/Third_Party/AL94_USB_Composite/COMPOSITE/App/usbd_desc.o
 .ARM.attributes
                0x000003eb       0x34 ./Middlewares/Third_Party/AL94_USB_Composite/COMPOSITE/Class/CDC_ACM/Src/usbd_cdc_acm.o
 .ARM.attributes
                0x0000041f       0x34 ./Middlewares/Third_Party/AL94_USB_Composite/COMPOSITE/Class/COMPOSITE/Src/usbd_composite.o
 .ARM.attributes
                0x00000453       0x34 ./Middlewares/Third_Party/AL94_USB_Composite/COMPOSITE/Class/HID_KEYBOARD/Src/usbd_hid_keyboard.o
 .ARM.attributes
                0x00000487       0x34 ./Middlewares/Third_Party/AL94_USB_Composite/COMPOSITE/Core/Src/usbd_core.o
 .ARM.attributes
                0x000004bb       0x34 ./Middlewares/Third_Party/AL94_USB_Composite/COMPOSITE/Core/Src/usbd_ctlreq.o
 .ARM.attributes
                0x000004ef       0x34 ./Middlewares/Third_Party/AL94_USB_Composite/COMPOSITE/Core/Src/usbd_ioreq.o
 .ARM.attributes
                0x00000523       0x34 ./Middlewares/Third_Party/AL94_USB_Composite/COMPOSITE/Target/usbd_conf.o
 .ARM.attributes
                0x00000557       0x34 C:/ST/STM32CubeIDE_1.14.0/STM32CubeIDE/plugins/com.st.stm32cube.ide.mcu.externaltools.gnu-tools-for-stm32.12.3.rel1.win32_1.0.200.202406191623/tools/bin/../lib/gcc/arm-none-eabi/12.3.1/../../../../arm-none-eabi/lib/thumb/v7e-m+fp/hard\libc_nano.a(libc_a-findfp.o)
 .ARM.attributes
                0x0000058b       0x34 C:/ST/STM32CubeIDE_1.14.0/STM32CubeIDE/plugins/com.st.stm32cube.ide.mcu.externaltools.gnu-tools-for-stm32.12.3.rel1.win32_1.0.200.202406191623/tools/bin/../lib/gcc/arm-none-eabi/12.3.1/../../../../arm-none-eabi/lib/thumb/v7e-m+fp/hard\libc_nano.a(libc_a-snprintf.o)
 .ARM.attributes
                0x000005bf       0x34 C:/ST/STM32CubeIDE_1.14.0/STM32CubeIDE/plugins/com.st.stm32cube.ide.mcu.externaltools.gnu-tools-for-stm32.12.3.rel1.win32_1.0.200.202406191623/tools/bin/../lib/gcc/arm-none-eabi/12.3.1/../../../../arm-none-eabi/lib/thumb/v7e-m+fp/hard\libc_nano.a(libc_a-memset.o)
 .ARM.attributes
                0x000005f3       0x34 C:/ST/STM32CubeIDE_1.14.0/STM32CubeIDE/plugins/com.st.stm32cube.ide.mcu.externaltools.gnu-tools-for-stm32.12.3.rel1.win32_1.0.200.202406191623/tools/bin/../lib/gcc/arm-none-eabi/12.3.1/../../../../arm-none-eabi/lib/thumb/v7e-m+fp/hard\libc_nano.a(libc_a-reent.o)
 .ARM.attributes
                0x00000627       0x34 C:/ST/STM32CubeIDE_1.14.0/STM32CubeIDE/plugins/com.st.stm32cube.ide.mcu.externaltools.gnu-tools-for-stm32.12.3.rel1.win32_1.0.200.202406191623/tools/bin/../lib/gcc/arm-none-eabi/12.3.1/../../../../arm-none-eabi/lib/thumb/v7e-m+fp/hard\libc_nano.a(libc_a-impure.o)
 .ARM.attributes
                0x0000065b       0x34 C:/ST/STM32CubeIDE_1.14.0/STM32CubeIDE/plugins/com.st.stm32cube.ide.mcu.externaltools.gnu-tools-for-stm32.12.3.rel1.win32_1.0.200.202406191623/tools/bin/../lib/gcc/arm-none-eabi/12.3.1/../../../../arm-none-eabi/lib/thumb/v7e-m+fp/hard\libc_nano.a(libc_a-errno.o)
 .ARM.attributes
                0x0000068f       0x34 C:/ST/STM32CubeIDE_1.14.0/STM32CubeIDE/plugins/com.st.stm32cube.ide.mcu.externaltools.gnu-tools-for-stm32.12.3.rel1.win32_1.0.200.202406191623/tools/bin/../lib/gcc/arm-none-eabi/12.3.1/../../../../arm-none-eabi/lib/thumb/v7e-m+fp/hard\libc_nano.a(libc_a-init.o)
 .ARM.attributes
                0x000006c3       0x34 C:/ST/STM32CubeIDE_1.14.0/STM32CubeIDE/plugins/com.st.stm32cube.ide.mcu.externaltools.gnu-tools-for-stm32.12.3.rel1.win32_1.0.200.202406191623/tools/bin/../lib/gcc/arm-none-eabi/12.3.1/../../../../arm-none-eabi/lib/thumb/v7e-m+fp/hard\libc_nano.a(libc_a-lock.o)
 .ARM.attributes
                0x000006f7       0x34 C:/ST/STM32CubeIDE_1.14.0/STM32CubeIDE/plugins/com.st.stm32cube.ide.mcu.externaltools.gnu-tools-for-stm32.12.3.rel1.win32_1.0.200.202406191623/tools/bin/../lib/gcc/arm-none-eabi/12.3.1/../../../../arm-none-eabi/lib/thumb/v7e-m+fp/hard\libc_nano.a(libc_a-memcpy-stub.o)
 .ARM.attributes
                0x0000072b       0x17 C:/ST/STM32CubeIDE_1.14.0/STM32CubeIDE/plugins/com.st.stm32cube.ide.mcu.externaltools.gnu-tools-for-stm32.12.3.rel1.win32_1.0.200.202406191623/tools/bin/../lib/gcc/arm-none-eabi/12.3.1/../../../../arm-none-eabi/lib/thumb/v7e-m+fp/hard\libc_nano.a(libc_a-strlen.o)
 .ARM.attributes
                0x00000742       0x34 C:/ST/STM32CubeIDE_1.14.0/STM32CubeIDE/plugins/com.st.stm32cube.ide.mcu.externaltools.gnu-tools-for-stm32.12.3.rel1.win32_1.0.200.202406191623/tools/bin/../lib/gcc/arm-none-eabi/12.3.1/../../../../arm-none-eabi/lib/thumb/v7e-m+fp/hard\libc_nano.a(libc_a-freer.o)
 .ARM.attributes
                0x00000776       0x34 C:/ST/STM32CubeIDE_1.14.0/STM32CubeIDE/plugins/com.st.stm32cube.ide.mcu.externaltools.gnu-tools-for-stm32.12.3.rel1.win32_1.0.200.202406191623/tools/bin/../lib/gcc/arm-none-eabi/12.3.1/../../../../arm-none-eabi/lib/thumb/v7e-m+fp/hard\libc_nano.a(libc_a-mallocr.o)
 .ARM.attributes
                0x000007aa       0x34 C:/ST/STM32CubeIDE_1.14.0/STM32CubeIDE/plugins/com.st.stm32cube.ide.mcu.externaltools.gnu-tools-for-stm32.12.3.rel1.win32_1.0.200.202406191623/tools/bin/../lib/gcc/arm-none-eabi/12.3.1/../../../../arm-none-eabi/lib/thumb/v7e-m+fp/hard\libc_nano.a(libc_a-mlock.o)
 .ARM.attributes
                0x000007de       0x34 C:/ST/STM32CubeIDE_1.14.0/STM32CubeIDE/plugins/com.st.stm32cube.ide.mcu.externaltools.gnu-tools-for-stm32.12.3.rel1.win32_1.0.200.202406191623/tools/bin/../lib/gcc/arm-none-eabi/12.3.1/../../../../arm-none-eabi/lib/thumb/v7e-m+fp/hard\libc_nano.a(libc_a-nano-svfprintf.o)
 .ARM.attributes
                0x00000812       0x34 C:/ST/STM32CubeIDE_1.14.0/STM32CubeIDE/plugins/com.st.stm32cube.ide.mcu.externaltools.gnu-tools-for-stm32.12.3.rel1.win32_1.0.200.202406191623/tools/bin/../lib/gcc/arm-none-eabi/12.3.1/../../../../arm-none-eabi/lib/thumb/v7e-m+fp/hard\libc_nano.a(libc_a-nano-vfprintf_i.o)
 .ARM.attributes
                0x00000846       0x34 C:/ST/STM32CubeIDE_1.14.0/STM32CubeIDE/plugins/com.st.stm32cube.ide.mcu.externaltools.gnu-tools-for-stm32.12.3.rel1.win32_1.0.200.202406191623/tools/bin/../lib/gcc/arm-none-eabi/12.3.1/../../../../arm-none-eabi/lib/thumb/v7e-m+fp/hard\libc_nano.a(libc_a-memmove.o)
 .ARM.attributes
                0x0000087a       0x34 C:/ST/STM32CubeIDE_1.14.0/STM32CubeIDE/plugins/com.st.stm32cube.ide.mcu.externaltools.gnu-tools-for-stm32.12.3.rel1.win32_1.0.200.202406191623/tools/bin/../lib/gcc/arm-none-eabi/12.3.1/../../../../arm-none-eabi/lib/thumb/v7e-m+fp/hard\libc_nano.a(libc_a-sbrkr.o)
 .ARM.attributes
                0x000008ae       0x1c C:/ST/STM32CubeIDE_1.14.0/STM32CubeIDE/plugins/com.st.stm32cube.ide.mcu.externaltools.gnu-tools-for-stm32.12.3.rel1.win32_1.0.200.202406191623/tools/bin/../lib/gcc/arm-none-eabi/12.3.1/../../../../arm-none-eabi/lib/thumb/v7e-m+fp/hard\libc_nano.a(libc_a-memchr.o)
 .ARM.attributes
                0x000008ca       0x34 C:/ST/STM32CubeIDE_1.14.0/STM32CubeIDE/plugins/com.st.stm32cube.ide.mcu.externaltools.gnu-tools-for-stm32.12.3.rel1.win32_1.0.200.202406191623/tools/bin/../lib/gcc/arm-none-eabi/12.3.1/../../../../arm-none-eabi/lib/thumb/v7e-m+fp/hard\libc_nano.a(libc_a-reallocr.o)
 .ARM.attributes
                0x000008fe       0x34 C:/ST/STM32CubeIDE_1.14.0/STM32CubeIDE/plugins/com.st.stm32cube.ide.mcu.externaltools.gnu-tools-for-stm32.12.3.rel1.win32_1.0.200.202406191623/tools/bin/../lib/gcc/arm-none-eabi/12.3.1/../../../../arm-none-eabi/lib/thumb/v7e-m+fp/hard\libc_nano.a(libc_a-msizer.o)
 .ARM.attributes
                0x00000932       0x22 C:/ST/STM32CubeIDE_1.14.0/STM32CubeIDE/plugins/com.st.stm32cube.ide.mcu.externaltools.gnu-tools-for-stm32.12.3.rel1.win32_1.0.200.202406191623/tools/bin/../lib/gcc/arm-none-eabi/12.3.1/thumb/v7e-m+fp/hard\libgcc.a(_aeabi_uldivmod.o)
 .ARM.attributes
                0x00000954       0x34 C:/ST/STM32CubeIDE_1.14.0/STM32CubeIDE/plugins/com.st.stm32cube.ide.mcu.externaltools.gnu-tools-for-stm32.12.3.rel1.win32_1.0.200.202406191623/tools/bin/../lib/gcc/arm-none-eabi/12.3.1/thumb/v7e-m+fp/hard\libgcc.a(_udivmoddi4.o)
 .ARM.attributes
                0x00000988       0x22 C:/ST/STM32CubeIDE_1.14.0/STM32CubeIDE/plugins/com.st.stm32cube.ide.mcu.externaltools.gnu-tools-for-stm32.12.3.rel1.win32_1.0.200.202406191623/tools/bin/../lib/gcc/arm-none-eabi/12.3.1/thumb/v7e-m+fp/hard\libgcc.a(_dvmd_tls.o)
 .ARM.attributes
                0x000009aa       0x22 C:/ST/STM32CubeIDE_1.14.0/STM32CubeIDE/plugins/com.st.stm32cube.ide.mcu.externaltools.gnu-tools-for-stm32.12.3.rel1.win32_1.0.200.202406191623/tools/bin/../lib/gcc/arm-none-eabi/12.3.1/thumb/v7e-m+fp/hard/crtn.o
OUTPUT(Project_Laboratory.elf elf32-littlearm)
LOAD linker stubs
LOAD C:/ST/STM32CubeIDE_1.14.0/STM32CubeIDE/plugins/com.st.stm32cube.ide.mcu.externaltools.gnu-tools-for-stm32.12.3.rel1.win32_1.0.200.202406191623/tools/bin/../lib/gcc/arm-none-eabi/12.3.1/../../../../arm-none-eabi/lib/thumb/v7e-m+fp/hard\libc.a
LOAD C:/ST/STM32CubeIDE_1.14.0/STM32CubeIDE/plugins/com.st.stm32cube.ide.mcu.externaltools.gnu-tools-for-stm32.12.3.rel1.win32_1.0.200.202406191623/tools/bin/../lib/gcc/arm-none-eabi/12.3.1/../../../../arm-none-eabi/lib/thumb/v7e-m+fp/hard\libm.a
LOAD C:/ST/STM32CubeIDE_1.14.0/STM32CubeIDE/plugins/com.st.stm32cube.ide.mcu.externaltools.gnu-tools-for-stm32.12.3.rel1.win32_1.0.200.202406191623/tools/bin/../lib/gcc/arm-none-eabi/12.3.1/thumb/v7e-m+fp/hard\libgcc.a

.debug_info     0x00000000    0x10420
 .debug_info    0x00000000      0x417 ./Core/Src/gpio.o
 .debug_info    0x00000417      0xdd6 ./Core/Src/main.o
 .debug_info    0x000011ed      0x291 ./Core/Src/stm32f4xx_hal_msp.o
 .debug_info    0x0000147e      0x627 ./Core/Src/stm32f4xx_it.o
 .debug_info    0x00001aa5      0x168 ./Core/Src/sysmem.o
 .debug_info    0x00001c0d      0x53e ./Core/Src/system_stm32f4xx.o
 .debug_info    0x0000214b      0xb36 ./Core/Src/usb_otg.o
 .debug_info    0x00002c81       0x30 ./Core/Startup/startup_stm32f401ccux.o
 .debug_info    0x00002cb1      0x8bb ./Drivers/STM32F4xx_HAL_Driver/Src/stm32f4xx_hal.o
 .debug_info    0x0000356c      0xcf6 ./Drivers/STM32F4xx_HAL_Driver/Src/stm32f4xx_hal_cortex.o
 .debug_info    0x00004262      0x6f9 ./Drivers/STM32F4xx_HAL_Driver/Src/stm32f4xx_hal_gpio.o
 .debug_info    0x0000495b     0x1577 ./Drivers/STM32F4xx_HAL_Driver/Src/stm32f4xx_hal_pcd.o
 .debug_info    0x00005ed2      0x6ea ./Drivers/STM32F4xx_HAL_Driver/Src/stm32f4xx_hal_pcd_ex.o
 .debug_info    0x000065bc      0x8f1 ./Drivers/STM32F4xx_HAL_Driver/Src/stm32f4xx_hal_rcc.o
 .debug_info    0x00006ead     0x1993 ./Drivers/STM32F4xx_HAL_Driver/Src/stm32f4xx_ll_usb.o
 .debug_info    0x00008840      0x81e ./Middlewares/Third_Party/AL94_USB_Composite/COMPOSITE/App/usb_device.o
 .debug_info    0x0000905e      0xb24 ./Middlewares/Third_Party/AL94_USB_Composite/COMPOSITE/App/usbd_cdc_acm_if.o
 .debug_info    0x00009b82      0x450 ./Middlewares/Third_Party/AL94_USB_Composite/COMPOSITE/App/usbd_desc.o
 .debug_info    0x00009fd2     0x1473 ./Middlewares/Third_Party/AL94_USB_Composite/COMPOSITE/Class/CDC_ACM/Src/usbd_cdc_acm.o
 .debug_info    0x0000b445      0xcb1 ./Middlewares/Third_Party/AL94_USB_Composite/COMPOSITE/Class/COMPOSITE/Src/usbd_composite.o
 .debug_info    0x0000c0f6      0xb3f ./Middlewares/Third_Party/AL94_USB_Composite/COMPOSITE/Class/HID_KEYBOARD/Src/usbd_hid_keyboard.o
 .debug_info    0x0000cc35      0xc42 ./Middlewares/Third_Party/AL94_USB_Composite/COMPOSITE/Core/Src/usbd_core.o
 .debug_info    0x0000d877      0xb7e ./Middlewares/Third_Party/AL94_USB_Composite/COMPOSITE/Core/Src/usbd_ctlreq.o
 .debug_info    0x0000e3f5      0x847 ./Middlewares/Third_Party/AL94_USB_Composite/COMPOSITE/Core/Src/usbd_ioreq.o
 .debug_info    0x0000ec3c     0x17e4 ./Middlewares/Third_Party/AL94_USB_Composite/COMPOSITE/Target/usbd_conf.o

.debug_abbrev   0x00000000     0x3459
 .debug_abbrev  0x00000000      0x151 ./Core/Src/gpio.o
 .debug_abbrev  0x00000151      0x2cb ./Core/Src/main.o
 .debug_abbrev  0x0000041c       0xd8 ./Core/Src/stm32f4xx_hal_msp.o
 .debug_abbrev  0x000004f4      0x1a4 ./Core/Src/stm32f4xx_it.o
 .debug_abbrev  0x00000698       0xbc ./Core/Src/sysmem.o
 .debug_abbrev  0x00000754      0x11a ./Core/Src/system_stm32f4xx.o
 .debug_abbrev  0x0000086e      0x238 ./Core/Src/usb_otg.o
 .debug_abbrev  0x00000aa6       0x24 ./Core/Startup/startup_stm32f401ccux.o
 .debug_abbrev  0x00000aca      0x24b ./Drivers/STM32F4xx_HAL_Driver/Src/stm32f4xx_hal.o
 .debug_abbrev  0x00000d15      0x31d ./Drivers/STM32F4xx_HAL_Driver/Src/stm32f4xx_hal_cortex.o
 .debug_abbrev  0x00001032      0x1d3 ./Drivers/STM32F4xx_HAL_Driver/Src/stm32f4xx_hal_gpio.o
 .debug_abbrev  0x00001205      0x2b6 ./Drivers/STM32F4xx_HAL_Driver/Src/stm32f4xx_hal_pcd.o
 .debug_abbrev  0x000014bb      0x1da ./Drivers/STM32F4xx_HAL_Driver/Src/stm32f4xx_hal_pcd_ex.o
 .debug_abbrev  0x00001695      0x2b6 ./Drivers/STM32F4xx_HAL_Driver/Src/stm32f4xx_hal_rcc.o
 .debug_abbrev  0x0000194b      0x2b3 ./Drivers/STM32F4xx_HAL_Driver/Src/stm32f4xx_ll_usb.o